Component: ARM Compiler 5.06 update 5 (build 528) Tool: armlink [4d35e2]

==============================================================================

Section Cross References

    main.o(i.BackSensorTask) refers to _printf_percent.o(.ARM.Collect$$_printf_percent$$00000000) for _printf_percent
    main.o(i.BackSensorTask) refers to _printf_u.o(.ARM.Collect$$_printf_percent$$0000000A) for _printf_u
    main.o(i.BackSensorTask) refers to _printf_dec.o(.text) for _printf_int_dec
    main.o(i.BackSensorTask) refers to main.o(i.MeasureDistance) for MeasureDistance
    main.o(i.BackSensorTask) refers to noretval__2sprintf.o(.text) for __2sprintf
    main.o(i.BackSensorTask) refers to main.o(i.UART_SendString) for UART_SendString
    main.o(i.BackSensorTask) refers to tasks.o(i.vTaskDelay) for vTaskDelay
    main.o(i.ControlMotors) refers to main.o(i.SetMotorDirection) for SetMotorDirection
    main.o(i.ControlMotors) refers to main.o(i.SetMotorPWM) for SetMotorPWM
    main.o(i.FrontSensorTask) refers to _printf_percent.o(.ARM.Collect$$_printf_percent$$00000000) for _printf_percent
    main.o(i.FrontSensorTask) refers to _printf_u.o(.ARM.Collect$$_printf_percent$$0000000A) for _printf_u
    main.o(i.FrontSensorTask) refers to _printf_dec.o(.text) for _printf_int_dec
    main.o(i.FrontSensorTask) refers to main.o(i.MeasureDistance) for MeasureDistance
    main.o(i.FrontSensorTask) refers to noretval__2sprintf.o(.text) for __2sprintf
    main.o(i.FrontSensorTask) refers to main.o(i.UART_SendString) for UART_SendString
    main.o(i.FrontSensorTask) refers to tasks.o(i.vTaskDelay) for vTaskDelay
    main.o(i.InitGPIO) refers to stm32f4xx_rcc.o(i.RCC_AHB1PeriphClockCmd) for RCC_AHB1PeriphClockCmd
    main.o(i.InitGPIO) refers to stm32f4xx_gpio.o(i.GPIO_Init) for GPIO_Init
    main.o(i.InitMotorGPIO) refers to stm32f4xx_rcc.o(i.RCC_AHB1PeriphClockCmd) for RCC_AHB1PeriphClockCmd
    main.o(i.InitMotorGPIO) refers to stm32f4xx_gpio.o(i.GPIO_Init) for GPIO_Init
    main.o(i.InitPWM) refers to stm32f4xx_rcc.o(i.RCC_AHB1PeriphClockCmd) for RCC_AHB1PeriphClockCmd
    main.o(i.InitPWM) refers to stm32f4xx_rcc.o(i.RCC_APB1PeriphClockCmd) for RCC_APB1PeriphClockCmd
    main.o(i.InitPWM) refers to stm32f4xx_gpio.o(i.GPIO_Init) for GPIO_Init
    main.o(i.InitPWM) refers to stm32f4xx_gpio.o(i.GPIO_PinAFConfig) for GPIO_PinAFConfig
    main.o(i.InitPWM) refers to stm32f4xx_tim.o(i.TIM_TimeBaseInit) for TIM_TimeBaseInit
    main.o(i.InitPWM) refers to stm32f4xx_tim.o(i.TIM_OC1Init) for TIM_OC1Init
    main.o(i.InitPWM) refers to stm32f4xx_tim.o(i.TIM_OC2Init) for TIM_OC2Init
    main.o(i.InitPWM) refers to stm32f4xx_tim.o(i.TIM_Cmd) for TIM_Cmd
    main.o(i.MeasureDistance) refers to stm32f4xx_gpio.o(i.GPIO_SetBits) for GPIO_SetBits
    main.o(i.MeasureDistance) refers to tasks.o(i.vTaskDelay) for vTaskDelay
    main.o(i.MeasureDistance) refers to stm32f4xx_gpio.o(i.GPIO_ResetBits) for GPIO_ResetBits
    main.o(i.MeasureDistance) refers to stm32f4xx_gpio.o(i.GPIO_ReadInputDataBit) for GPIO_ReadInputDataBit
    main.o(i.MeasureDistance) refers to tasks.o(i.xTaskGetTickCount) for xTaskGetTickCount
    main.o(i.SetMotorDirection) refers to stm32f4xx_gpio.o(i.GPIO_SetBits) for GPIO_SetBits
    main.o(i.SetMotorDirection) refers to stm32f4xx_gpio.o(i.GPIO_ResetBits) for GPIO_ResetBits
    main.o(i.UART_Init) refers to stm32f4xx_rcc.o(i.RCC_AHB1PeriphClockCmd) for RCC_AHB1PeriphClockCmd
    main.o(i.UART_Init) refers to stm32f4xx_rcc.o(i.RCC_APB1PeriphClockCmd) for RCC_APB1PeriphClockCmd
    main.o(i.UART_Init) refers to stm32f4xx_gpio.o(i.GPIO_Init) for GPIO_Init
    main.o(i.UART_Init) refers to stm32f4xx_gpio.o(i.GPIO_PinAFConfig) for GPIO_PinAFConfig
    main.o(i.UART_Init) refers to stm32f4xx_usart.o(i.USART_Init) for USART_Init
    main.o(i.UART_Init) refers to stm32f4xx_usart.o(i.USART_Cmd) for USART_Cmd
    main.o(i.UART_SendString) refers to stm32f4xx_usart.o(i.USART_GetFlagStatus) for USART_GetFlagStatus
    main.o(i.UART_SendString) refers to stm32f4xx_usart.o(i.USART_SendData) for USART_SendData
    main.o(i.USART2_IRQHandler) refers to stm32f4xx_usart.o(i.USART_GetITStatus) for USART_GetITStatus
    main.o(i.USART2_IRQHandler) refers to stm32f4xx_usart.o(i.USART_ReceiveData) for USART_ReceiveData
    main.o(i.USART2_IRQHandler) refers to main.o(i.ControlMotors) for ControlMotors
    main.o(i.USART2_IRQHandler) refers to main.o(.data) for receivedChar
    main.o(i.main) refers to system_stm32f4xx.o(i.SystemInit) for SystemInit
    main.o(i.main) refers to main.o(i.InitGPIO) for InitGPIO
    main.o(i.main) refers to main.o(i.InitMotorGPIO) for InitMotorGPIO
    main.o(i.main) refers to main.o(i.UART_Init) for UART_Init
    main.o(i.main) refers to main.o(i.usart_irq) for usart_irq
    main.o(i.main) refers to main.o(i.InitPWM) for InitPWM
    main.o(i.main) refers to tasks.o(i.xTaskGenericCreate) for xTaskGenericCreate
[...]
    ../clib/angel/scatter.s                  0x00000000   Number         0  __scatter.o ABSOLUTE
    ../clib/angel/startup.s                  0x00000000   Number         0  __main.o ABSOLUTE
    ../clib/angel/sys.s                      0x00000000   Number         0  sys_stackheap_outer.o ABSOLUTE
    ../clib/angel/sys.s                      0x00000000   Number         0  indicate_semi.o ABSOLUTE
    ../clib/angel/sys.s                      0x00000000   Number         0  use_no_semi.o ABSOLUTE
    ../clib/angel/sys.s                      0x00000000   Number         0  libspace.o ABSOLUTE
    ../clib/angel/sysapp.c                   0x00000000   Number         0  sys_wrch.o ABSOLUTE
    ../clib/angel/sysapp.c                   0x00000000   Number         0  sys_exit.o ABSOLUTE
    ../clib/angel/sysapp.c                   0x00000000   Number         0  sys_command.o ABSOLUTE
    ../clib/armsys.c                         0x00000000   Number         0  argv_veneer.o ABSOLUTE
    ../clib/armsys.c                         0x00000000   Number         0  argv_veneer.o ABSOLUTE
    ../clib/armsys.c                         0x00000000   Number         0  _get_argv_nomalloc.o ABSOLUTE
    ../clib/armsys.c                         0x00000000   Number         0  no_argv.o ABSOLUTE
    ../clib/heapalloc.c                      0x00000000   Number         0  hrguard.o ABSOLUTE
    ../clib/heapaux.c                        0x00000000   Number         0  heapauxi.o ABSOLUTE
    ../clib/libinit.s                        0x00000000   Number         0  libinit2.o ABSOLUTE
    ../clib/libinit.s                        0x00000000   Number         0  libshutdown.o ABSOLUTE
    ../clib/libinit.s                        0x00000000   Number         0  libinit.o ABSOLUTE
    ../clib/libinit.s                        0x00000000   Number         0  libshutdown2.o ABSOLUTE
    ../clib/memcpset.s                       0x00000000   Number         0  rt_memclr_w.o ABSOLUTE
    ../clib/memcpset.s                       0x00000000   Number         0  strncpy.o ABSOLUTE
    ../clib/memcpset.s                       0x00000000   Number         0  rt_memcpy_v6.o ABSOLUTE
    ../clib/memcpset.s                       0x00000000   Number         0  aeabi_memset.o ABSOLUTE
    ../clib/memcpset.s                       0x00000000   Number         0  rt_memcpy_w.o ABSOLUTE
    ../clib/memcpset.s                       0x00000000   Number         0  rt_memclr.o ABSOLUTE
    ../clib/misc.s                           0x00000000   Number         0  printf_stubs.o ABSOLUTE
    ../clib/printf.c                         0x00000000   Number         0  __printf_flags.o ABSOLUTE
    ../clib/printf.c                         0x00000000   Number         0  __printf_ss.o ABSOLUTE
    ../clib/printf.c                         0x00000000   Number         0  __printf_nopercent.o ABSOLUTE
    ../clib/printf.c                         0x00000000   Number         0  __printf_flags_ss_wp.o ABSOLUTE
    ../clib/printf.c                         0x00000000   Number         0  __printf_flags_wp.o ABSOLUTE
    ../clib/printf.c                         0x00000000   Number         0  _printf_char.o ABSOLUTE
    ../clib/printf.c                         0x00000000   Number         0  __printf_ss_wp.o ABSOLUTE
    ../clib/printf.c                         0x00000000   Number         0  _sputc.o ABSOLUTE
    ../clib/printf.c                         0x00000000   Number         0  _printf_char_common.o ABSOLUTE
    ../clib/printf.c                         0x00000000   Number         0  _printf_intcommon.o ABSOLUTE
    ../clib/printf.c                         0x00000000   Number         0  __2sprintf.o ABSOLUTE
    ../clib/printf.c                         0x00000000   Number         0  noretval__2sprintf.o ABSOLUTE
    ../clib/printf.c                         0x00000000   Number         0  _printf_str.o ABSOLUTE
    ../clib/printf.c                         0x00000000   Number         0  __printf_flags_ss.o ABSOLUTE
    ../clib/printf.c                         0x00000000   Number         0  __printf_wp.o ABSOLUTE
    ../clib/printf.c                         0x00000000   Number         0  __printf.o ABSOLUTE
    ../clib/printf.c                         0x00000000   Number         0  _printf_dec.o ABSOLUTE
    ../clib/printf_percent.s                 0x00000000   Number         0  _printf_u.o ABSOLUTE
    ../clib/printf_percent.s                 0x00000000   Number         0  _printf_s.o ABSOLUTE
    ../clib/printf_percent.s                 0x00000000   Number         0  _printf_percent.o ABSOLUTE
    ../clib/printf_percent.s                 0x00000000   Number         0  _printf_c.o ABSOLUTE
    ../clib/printf_percent.s                 0x00000000   Number         0  _printf_percent_end.o ABSOLUTE
    ../clib/signal.c                         0x00000000   Number         0  defsig_pvfn_inner.o ABSOLUTE
    ../clib/signal.c                         0x00000000   Number         0  defsig_stak_inner.o ABSOLUTE
    ../clib/signal.c                         0x00000000   Number         0  defsig_rtred_inner.o ABSOLUTE
    ../clib/signal.c                         0x00000000   Number         0  defsig_fpe_inner.o ABSOLUTE
    ../clib/signal.c                         0x00000000   Number         0  defsig_abrt_inner.o ABSOLUTE
    ../clib/signal.c                         0x00000000   Number         0  defsig_rtmem_outer.o ABSOLUTE
    ../clib/signal.c                         0x00000000   Number         0  __raise.o ABSOLUTE
    ../clib/signal.c                         0x00000000   Number         0  defsig_exit.o ABSOLUTE
    ../clib/signal.c                         0x00000000   Number         0  defsig_general.o ABSOLUTE
    ../clib/signal.c                         0x00000000   Number         0  defsig_rtmem_formal.o ABSOLUTE
    ../clib/signal.c                         0x00000000   Number         0  defsig_rtmem_inner.o ABSOLUTE
    ../clib/signal.c                         0x00000000   Number         0  defsig_cppl_inner.o ABSOLUTE
    ../clib/signal.c                         0x00000000   Number         0  defsig_segv_inner.o ABSOLUTE
    ../clib/signal.c                         0x00000000   Number         0  defsig_other.o ABSOLUTE
    ../clib/signal.s                         0x00000000   Number         0  defsig.o ABSOLUTE
    ../clib/stdlib.c                         0x00000000   Number         0  exit.o ABSOLUTE
    ../clib/string.c                         0x00000000   Number         0  strcat.o ABSOLUTE
    ../fplib/fpinit.s                        0x00000000   Number         0  fpinit.o ABSOLUTE
    ..\FreeRTOSV7.4.2\FreeRTOS\Source\croutine.c 0x00000000   Number         0  croutine.o ABSOLUTE
    ..\FreeRTOSV7.4.2\FreeRTOS\Source\heap_2.c 0x00000000   Number         0  heap_2.o ABSOLUTE
    ..\FreeRTOSV7.4.2\FreeRTOS\Source\list.c 0x00000000   Number         0  list.o ABSOLUTE
    ..\FreeRTOSV7.4.2\FreeRTOS\Source\port.c 0x00000000   Number         0  port.o ABSOLUTE
    ..\FreeRTOSV7.4.2\FreeRTOS\Source\queue.c 0x00000000   Number         0  queue.o ABSOLUTE
    ..\FreeRTOSV7.4.2\FreeRTOS\Source\tasks.c 0x00000000   Number         0  tasks.o ABSOLUTE
    ..\FreeRTOSV7.4.2\FreeRTOS\Source\timers.c 0x00000000   Number         0  timers.o ABSOLUTE
    ..\\FreeRTOSV7.4.2\\FreeRTOS\\Source\\port.c 0x00000000   Number         0  port.o ABSOLUTE
    ..\\librairie\\STM32F4xx_StdPeriph_Driver\\src\\misc.c 0x00000000   Number         0  misc.o ABSOLUTE
    ..\\librairie\\STM32F4xx_StdPeriph_Driver\\src\\stm32f4xx_gpio.c 0x00000000   Number         0  stm32f4xx_gpio.o ABSOLUTE
    ..\\librairie\\STM32F4xx_StdPeriph_Driver\\src\\stm32f4xx_rcc.c 0x00000000   Number         0  stm32f4xx_rcc.o ABSOLUTE
    ..\\librairie\\STM32F4xx_StdPeriph_Driver\\src\\stm32f4xx_tim.c 0x00000000   Number         0  stm32f4xx_tim.o ABSOLUTE
    ..\\librairie\\STM32F4xx_StdPeriph_Driver\\src\\stm32f4xx_usart.c 0x00000000   Number         0  stm32f4xx_usart.o ABSOLUTE
    ..\\librairie\\STM32F4xx_StdPeriph_Driver\\src\\system_stm32f4xx.c 0x00000000   Number         0  system_stm32f4xx.o ABSOLUTE
    ..\librairie\STM32F4xx_StdPeriph_Driver\src\misc.c 0x00000000   Number         0  misc.o ABSOLUTE
    ..\librairie\STM32F4xx_StdPeriph_Driver\src\stm32f4xx_gpio.c 0x00000000   Number         0  stm32f4xx_gpio.o ABSOLUTE
    ..\librairie\STM32F4xx_StdPeriph_Driver\src\stm32f4xx_rcc.c 0x00000000   Number         0  stm32f4xx_rcc.o ABSOLUTE
    ..\librairie\STM32F4xx_StdPeriph_Driver\src\stm32f4xx_tim.c 0x00000000   Number         0  stm32f4xx_tim.o ABSOLUTE
    ..\librairie\STM32F4xx_StdPeriph_Driver\src\stm32f4xx_usart.c 0x00000000   Number         0  stm32f4xx_usart.o ABSOLUTE
    ..\librairie\STM32F4xx_StdPeriph_Driver\src\system_stm32f4xx.c 0x00000000   Number         0  system_stm32f4xx.o ABSOLUTE
    ..\librairie\startup_stm32f4xx.s         0x00000000   Number         0  startup_stm32f4xx.o ABSOLUTE
    dc.s                                     0x00000000   Number         0  dc.o ABSOLUTE
    main.c                                   0x00000000   Number         0  main.o ABSOLUTE
    main.c                                   0x00000000   Number         0  main.o ABSOLUTE
    RESET                                    0x08000000   Section      392  startup_stm32f4xx.o(RESET)
    !!!main                                  0x08000188   Section        8  __main.o(!!!main)
    !!!scatter                               0x08000190   Section       52  __scatter.o(!!!scatter)
    !!handler_copy                           0x080001c4   Section       26  __scatter_copy.o(!!handler_copy)
    !!handler_zi                             0x080001e0   Section       28  __scatter_zi.o(!!handler_zi)
    .ARM.Collect$$_printf_percent$$00000000  0x080001fc   Section        0  _printf_percent.o(.ARM.Collect$$_printf_percent$$00000000)
    .ARM.Collect$$_printf_percent$$0000000A  0x080001fc   Section        6  _printf_u.o(.ARM.Collect$$_printf_percent$$0000000A)
    .ARM.Collect$$_printf_percent$$00000017  0x08000202   Section        4  _printf_percent_end.o(.ARM.Collect$$_printf_percent$$00000017)
    .ARM.Collect$$libinit$$00000000          0x08000206   Section        2  libinit.o(.ARM.Collect$$libinit$$00000000)
    .ARM.Collect$$libinit$$00000001          0x08000208   Section        4  libinit2.o(.ARM.Collect$$libinit$$00000001)
    .ARM.Collect$$libinit$$00000004          0x0800020c   Section        0  libinit2.o(.ARM.Collect$$libinit$$00000004)
    .ARM.Collect$$libinit$$0000000A          0x0800020c   Section        0  libinit2.o(.ARM.Collect$$libinit$$0000000A)
    .ARM.Collect$$libinit$$0000000C          0x0800020c   Section        0  libinit2.o(.ARM.Collect$$libinit$$0000000C)
    .ARM.Collect$$libinit$$0000000E          0x0800020c   Section        0  libinit2.o(.ARM.Collect$$libinit$$0000000E)
    .ARM.Collect$$libinit$$00000011          0x0800020c   Section        0  libinit2.o(.ARM.Collect$$libinit$$00000011)
    .ARM.Collect$$libinit$$00000013          0x0800020c   Section        0  libinit2.o(.ARM.Collect$$libinit$$00000013)
    .ARM.Collect$$libinit$$00000015          0x0800020c   Section        0  libinit2.o(.ARM.Collect$$libinit$$00000015)
    .ARM.Collect$$libinit$$00000017          0x0800020c   Section        0  libinit2.o(.ARM.Collect$$libinit$$00000017)
    .ARM.Collect$$libinit$$00000019          0x0800020c   Section        0  libinit2.o(.ARM.Collect$$libinit$$00000019)
    .ARM.Collect$$libinit$$0000001B          0x0800020c   Section        0  libinit2.o(.ARM.Collect$$libinit$$0000001B)
    .ARM.Collect$$libinit$$0000001D          0x0800020c   Section        0  libinit2.o(.ARM.Collect$$libinit$$0000001D)
    .ARM.Collect$$libinit$$0000001F          0x0800020c   Section        0  libinit2.o(.ARM.Collect$$libinit$$0000001F)
    .ARM.Collect$$libinit$$00000021          0x0800020c   Section        0  libinit2.o(.ARM.Collect$$libinit$$00000021)
    .ARM.Collect$$libinit$$00000023          0x0800020c   Section        0  libinit2.o(.ARM.Collect$$libinit$$00000023)
    .ARM.Collect$$libinit$$00000025          0x0800020c   Section        0  libinit2.o(.ARM.Collect$$libinit$$00000025)
    .ARM.Collect$$libinit$$0000002C          0x0800020c   Section        0  libinit2.o(.ARM.Collect$$libinit$$0000002C)
    .ARM.Collect$$libinit$$0000002E          0x0800020c   Section        0  libinit2.o(.ARM.Collect$$libinit$$0000002E)
    .ARM.Collect$$libinit$$00000030          0x0800020c   Section        0  libinit2.o(.ARM.Collect$$libinit$$00000030)
    .ARM.Collect$$libinit$$00000032          0x0800020c   Section        0  libinit2.o(.ARM.Collect$$libinit$$00000032)
    .ARM.Collect$$libinit$$00000033          0x0800020c   Section        2  libinit2.o(.ARM.Collect$$libinit$$00000033)
    .ARM.Collect$$libshutdown$$00000000      0x0800020e   Section        2  libshutdown.o(.ARM.Collect$$libshutdown$$00000000)
    .ARM.Collect$$libshutdown$$00000002      0x08000210   Section        0  libshutdown2.o(.ARM.Collect$$libshutdown$$00000002)
    .ARM.Collect$$libshutdown$$00000004      0x08000210   Section        0  libshutdown2.o(.ARM.Collect$$libshutdown$$00000004)
    .ARM.Collect$$libshutdown$$00000007      0x08000210   Section        0  libshutdown2.o(.ARM.Collect$$libshutdown$$00000007)
    .ARM.Collect$$libshutdown$$0000000A      0x08000210   Section        0  libshutdown2.o(.ARM.Collect$$libshutdown$$0000000A)
    .ARM.Collect$$libshutdown$$0000000C      0x08000210   Section        0  libshutdown2.o(.ARM.Collect$$libshutdown$$0000000C)
    .ARM.Collect$$libshutdown$$0000000F      0x08000210   Section        0  libshutdown2.o(.ARM.Collect$$libshutdown$$0000000F)
    .ARM.Collect$$libshutdown$$00000010      0x08000210   Section        2  libshutdown2.o(.ARM.Collect$$libshutdown$$00000010)
    .ARM.Collect$$rtentry$$00000000          0x08000212   Section        0  __rtentry.o(.ARM.Collect$$rtentry$$00000000)
    .ARM.Collect$$rtentry$$00000002          0x08000212   Section        0  __rtentry2.o(.ARM.Collect$$rtentry$$00000002)
    .ARM.Collect$$rtentry$$00000004          0x08000212   Section        6  __rtentry4.o(.ARM.Collect$$rtentry$$00000004)
    .ARM.Collect$$rtentry$$00000009          0x08000218   Section        0  __rtentry2.o(.ARM.Collect$$rtentry$$00000009)
    .ARM.Collect$$rtentry$$0000000A          0x08000218   Section        4  __rtentry2.o(.ARM.Collect$$rtentry$$0000000A)
    .ARM.Collect$$rtentry$$0000000C          0x0800021c   Section        0  __rtentry2.o(.ARM.Collect$$rtentry$$0000000C)
    .ARM.Collect$$rtentry$$0000000D          0x0800021c   Section        8  __rtentry2.o(.ARM.Collect$$rtentry$$0000000D)
    .ARM.Collect$$rtexit$$00000000           0x08000224   Section        2  rtexit.o(.ARM.Collect$$rtexit$$00000000)
    .ARM.Collect$$rtexit$$00000002           0x08000226   Section        0  rtexit2.o(.ARM.Collect$$rtexit$$00000002)
    .ARM.Collect$$rtexit$$00000003           0x08000226   Section        4  rtexit2.o(.ARM.Collect$$rtexit$$00000003)
    .ARM.Collect$$rtexit$$00000004           0x0800022a   Section        6  rtexit2.o(.ARM.Collect$$rtexit$$00000004)
    .emb_text                                0x08000230   Section      168  port.o(.emb_text)
    $v0                                      0x08000230   Number         0  port.o(.emb_text)
    .text                                    0x080002d8   Section       80  startup_stm32f4xx.o(.text)
    $v0                                      0x080002d8   Number         0  startup_stm32f4xx.o(.text)
    .text                                    0x08000328   Section        0  noretval__2sprintf.o(.text)
    .text                                    0x08000350   Section        0  _printf_dec.o(.text)
    .text                                    0x080003c8   Section        0  __printf_ss.o(.text)
    .text                                    0x08000480   Section      138  rt_memcpy_v6.o(.text)
    .text                                    0x0800050a   Section       16  aeabi_memset.o(.text)
    .text                                    0x0800051a   Section       86  strncpy.o(.text)
    .text                                    0x08000570   Section        0  heapauxi.o(.text)
    .text                                    0x08000576   Section        0  _printf_intcommon.o(.text)
    .text                                    0x08000628   Section        0  _printf_char_common.o(.text)
    _printf_input_char                       0x08000629   Thumb Code    10  _printf_char_common.o(.text)
    .text                                    0x08000658   Section        0  _sputc.o(.text)
    .text                                    0x08000662   Section      100  rt_memcpy_w.o(.text)
    .text                                    0x080006c6   Section       68  rt_memclr.o(.text)
    .text                                    0x0800070a   Section       78  rt_memclr_w.o(.text)
    .text                                    0x08000758   Section       74  sys_stackheap_outer.o(.text)
    .text                                    0x080007a2   Section        0  exit.o(.text)
    .text                                    0x080007b4   Section        8  libspace.o(.text)
    .text                                    0x080007bc   Section        0  sys_exit.o(.text)
    .text                                    0x080007c8   Section        2  use_no_semi.o(.text)
    .text                                    0x080007ca   Section        0  indicate_semi.o(.text)
    i.BackSensorTask                         0x080007cc   Section        0  main.o(i.BackSensorTask)
    i.ControlMotors                          0x080007fc   Section        0  main.o(i.ControlMotors)
    i.FrontSensorTask                        0x080008cc   Section        0  main.o(i.FrontSensorTask)
    i.GPIO_Init                              0x080008fc   Section        0  stm32f4xx_gpio.o(i.GPIO_Init)
    i.GPIO_PinAFConfig                       0x0800098c   Section        0  stm32f4xx_gpio.o(i.GPIO_PinAFConfig)
    i.GPIO_ReadInputDataBit                  0x080009d2   Section        0  stm32f4xx_gpio.o(i.GPIO_ReadInputDataBit)
    i.GPIO_ResetBits                         0x080009e4   Section        0  stm32f4xx_gpio.o(i.GPIO_ResetBits)
    i.GPIO_SetBits                           0x080009e8   Section        0  stm32f4xx_gpio.o(i.GPIO_SetBits)
    i.InitGPIO                               0x080009ec   Section        0  main.o(i.InitGPIO)
    i.InitMotorGPIO                          0x08000a38   Section        0  main.o(i.InitMotorGPIO)
    i.InitPWM                                0x08000a6c   Section        0  main.o(i.InitPWM)
    i.MeasureDistance                        0x08000b08   Section        0  main.o(i.MeasureDistance)
    i.NVIC_Init                              0x08000b68   Section        0  misc.o(i.NVIC_Init)
    i.RCC_AHB1PeriphClockCmd                 0x08000be0   Section        0  stm32f4xx_rcc.o(i.RCC_AHB1PeriphClockCmd)
    i.RCC_APB1PeriphClockCmd                 0x08000c00   Section        0  stm32f4xx_rcc.o(i.RCC_APB1PeriphClockCmd)
    i.RCC_GetClocksFreq                      0x08000c20   Section        0  stm32f4xx_rcc.o(i.RCC_GetClocksFreq)
    i.SetMotorDirection                      0x08000d08   Section        0  main.o(i.SetMotorDirection)
    i.SetMotorPWM                            0x08000d74   Section        0  main.o(i.SetMotorPWM)
    i.SetSysClock                            0x08000d98   Section        0  system_stm32f4xx.o(i.SetSysClock)
    SetSysClock                              0x08000d99   Thumb Code   220  system_stm32f4xx.o(i.SetSysClock)
    i.SysTick_Handler                        0x08000e84   Section        0  port.o(i.SysTick_Handler)
    i.SystemInit                             0x08000ea4   Section        0  system_stm32f4xx.o(i.SystemInit)
    i.TIM_Cmd                                0x08000f00   Section        0  stm32f4xx_tim.o(i.TIM_Cmd)
    i.TIM_OC1Init                            0x08000f18   Section        0  stm32f4xx_tim.o(i.TIM_OC1Init)
    i.TIM_OC2Init                            0x08000f94   Section        0  stm32f4xx_tim.o(i.TIM_OC2Init)
    i.TIM_TimeBaseInit                       0x08001038   Section        0  stm32f4xx_tim.o(i.TIM_TimeBaseInit)
    i.UART_Init                              0x080010bc   Section        0  main.o(i.UART_Init)
    i.UART_SendString                        0x08001144   Section        0  main.o(i.UART_SendString)
    i.USART2_IRQHandler                      0x08001170   Section        0  main.o(i.USART2_IRQHandler)
    i.USART_Cmd                              0x0800119c   Section        0  stm32f4xx_usart.o(i.USART_Cmd)
    i.USART_GetFlagStatus                    0x080011b4   Section        0  stm32f4xx_usart.o(i.USART_GetFlagStatus)
    i.USART_GetITStatus                      0x080011ce   Section        0  stm32f4xx_usart.o(i.USART_GetITStatus)
    i.USART_ITConfig                         0x08001222   Section        0  stm32f4xx_usart.o(i.USART_ITConfig)
    i.USART_Init                             0x0800126c   Section        0  stm32f4xx_usart.o(i.USART_Init)
    i.USART_ReceiveData                      0x08001340   Section        0  stm32f4xx_usart.o(i.USART_ReceiveData)
    i.USART_SendData                         0x0800134a   Section        0  stm32f4xx_usart.o(i.USART_SendData)
    i.main                                   0x08001354   Section        0  main.o(i.main)
    i.prvAddCurrentTaskToDelayedList         0x080013d0   Section        0  tasks.o(i.prvAddCurrentTaskToDelayedList)
    prvAddCurrentTaskToDelayedList           0x080013d1   Thumb Code    62  tasks.o(i.prvAddCurrentTaskToDelayedList)
    i.prvAllocateTCBAndStack                 0x08001424   Section        0  tasks.o(i.prvAllocateTCBAndStack)
    prvAllocateTCBAndStack                   0x08001425   Thumb Code    58  tasks.o(i.prvAllocateTCBAndStack)
    i.prvCheckForValidListAndQueue           0x08001460   Section        0  timers.o(i.prvCheckForValidListAndQueue)
    prvCheckForValidListAndQueue             0x08001461   Thumb Code    56  timers.o(i.prvCheckForValidListAndQueue)
    i.prvCheckTasksWaitingTermination        0x080014ac   Section        0  tasks.o(i.prvCheckTasksWaitingTermination)
    prvCheckTasksWaitingTermination          0x080014ad   Thumb Code    86  tasks.o(i.prvCheckTasksWaitingTermination)
    i.prvCopyDataFromQueue                   0x08001510   Section        0  queue.o(i.prvCopyDataFromQueue)
    prvCopyDataFromQueue                     0x08001511   Thumb Code    42  queue.o(i.prvCopyDataFromQueue)
    i.prvCopyDataToQueue                     0x0800153a   Section        0  queue.o(i.prvCopyDataToQueue)
    prvCopyDataToQueue                       0x0800153b   Thumb Code   104  queue.o(i.prvCopyDataToQueue)
    i.prvDeleteTCB                           0x080015a2   Section        0  tasks.o(i.prvDeleteTCB)
    prvDeleteTCB                             0x080015a3   Thumb Code    18  tasks.o(i.prvDeleteTCB)
    i.prvGetNextExpireTime                   0x080015b4   Section        0  timers.o(i.prvGetNextExpireTime)
    prvGetNextExpireTime                     0x080015b5   Thumb Code    36  timers.o(i.prvGetNextExpireTime)
    i.prvHeapInit                            0x080015dc   Section        0  heap_2.o(i.prvHeapInit)
    prvHeapInit                              0x080015dd   Thumb Code    42  heap_2.o(i.prvHeapInit)
    i.prvIdleTask                            0x08001614   Section        0  tasks.o(i.prvIdleTask)
    prvIdleTask                              0x08001615   Thumb Code    20  tasks.o(i.prvIdleTask)
    i.prvInitialiseTCBVariables              0x0800162c   Section        0  tasks.o(i.prvInitialiseTCBVariables)
    prvInitialiseTCBVariables                0x0800162d   Thumb Code    70  tasks.o(i.prvInitialiseTCBVariables)
    i.prvInitialiseTaskLists                 0x08001674   Section        0  tasks.o(i.prvInitialiseTaskLists)
    prvInitialiseTaskLists                   0x08001675   Thumb Code    70  tasks.o(i.prvInitialiseTaskLists)
    i.prvInsertTimerInActiveList             0x080016dc   Section        0  timers.o(i.prvInsertTimerInActiveList)
    prvInsertTimerInActiveList               0x080016dd   Thumb Code    80  timers.o(i.prvInsertTimerInActiveList)
    i.prvIsQueueEmpty                        0x08001734   Section        0  queue.o(i.prvIsQueueEmpty)
    prvIsQueueEmpty                          0x08001735   Thumb Code    26  queue.o(i.prvIsQueueEmpty)
    i.prvIsQueueFull                         0x0800174e   Section        0  queue.o(i.prvIsQueueFull)
    prvIsQueueFull                           0x0800174f   Thumb Code    30  queue.o(i.prvIsQueueFull)
    i.prvProcessExpiredTimer                 0x0800176c   Section        0  timers.o(i.prvProcessExpiredTimer)
    prvProcessExpiredTimer                   0x0800176d   Thumb Code    82  timers.o(i.prvProcessExpiredTimer)
    i.prvProcessReceivedCommands             0x080017c4   Section        0  timers.o(i.prvProcessReceivedCommands)
    prvProcessReceivedCommands               0x080017c5   Thumb Code   196  timers.o(i.prvProcessReceivedCommands)
    i.prvProcessTimerOrBlockTask             0x0800188c   Section        0  timers.o(i.prvProcessTimerOrBlockTask)
    prvProcessTimerOrBlockTask               0x0800188d   Thumb Code    70  timers.o(i.prvProcessTimerOrBlockTask)
    i.prvSampleTimeNow                       0x080018d8   Section        0  timers.o(i.prvSampleTimeNow)
    prvSampleTimeNow                         0x080018d9   Thumb Code    44  timers.o(i.prvSampleTimeNow)
    i.prvSwitchTimerLists                    0x08001908   Section        0  timers.o(i.prvSwitchTimerLists)
    prvSwitchTimerLists                      0x08001909   Thumb Code   138  timers.o(i.prvSwitchTimerLists)
    i.prvTimerTask                           0x0800199c   Section        0  timers.o(i.prvTimerTask)
    prvTimerTask                             0x0800199d   Thumb Code    26  timers.o(i.prvTimerTask)
    i.prvUnlockQueue                         0x080019b6   Section        0  queue.o(i.prvUnlockQueue)
    prvUnlockQueue                           0x080019b7   Thumb Code   126  queue.o(i.prvUnlockQueue)
    i.pvPortMalloc                           0x08001a34   Section        0  heap_2.o(i.pvPortMalloc)
    i.pxPortInitialiseStack                  0x08001aec   Section        0  port.o(i.pxPortInitialiseStack)
    i.usart_irq                              0x08001b0c   Section        0  main.o(i.usart_irq)
    i.uxListRemove                           0x08001b3c   Section        0  list.o(i.uxListRemove)
    i.vListInitialise                        0x08001b64   Section        0  list.o(i.vListInitialise)
    i.vListInitialiseItem                    0x08001b7e   Section        0  list.o(i.vListInitialiseItem)
    i.vListInsert                            0x08001b84   Section        0  list.o(i.vListInsert)
    i.vListInsertEnd                         0x08001bb8   Section        0  list.o(i.vListInsertEnd)
    i.vPortEnterCritical                     0x08001bd4   Section        0  port.o(i.vPortEnterCritical)
    i.vPortExitCritical                      0x08001bf4   Section        0  port.o(i.vPortExitCritical)
    i.vPortFree                              0x08001c14   Section        0  heap_2.o(i.vPortFree)
    i.vPortSetupTimerInterrupt               0x08001c54   Section        0  port.o(i.vPortSetupTimerInterrupt)
    i.vPortYield                             0x08001c68   Section        0  port.o(i.vPortYield)
    i.vQueueWaitForMessageRestricted         0x08001c80   Section        0  queue.o(i.vQueueWaitForMessageRestricted)
    i.vTaskDelay                             0x08001cbc   Section        0  tasks.o(i.vTaskDelay)
    i.vTaskIncrementTick                     0x08001cf4   Section        0  tasks.o(i.vTaskIncrementTick)
    i.vTaskMissedYield                       0x08001e18   Section        0  tasks.o(i.vTaskMissedYield)
    i.vTaskPlaceOnEventList                  0x08001e24   Section        0  tasks.o(i.vTaskPlaceOnEventList)
    i.vTaskPlaceOnEventListRestricted        0x08001e78   Section        0  tasks.o(i.vTaskPlaceOnEventListRestricted)
    i.vTaskPriorityDisinherit                0x08001eb4   Section        0  tasks.o(i.vTaskPriorityDisinherit)
    i.vTaskPriorityInherit                   0x08001f04   Section        0  tasks.o(i.vTaskPriorityInherit)
    i.vTaskSetTimeOutState                   0x08001f88   Section        0  tasks.o(i.vTaskSetTimeOutState)
    i.vTaskStartScheduler                    0x08001fac   Section        0  tasks.o(i.vTaskStartScheduler)
    i.vTaskSuspendAll                        0x0800200c   Section        0  tasks.o(i.vTaskSuspendAll)
    i.vTaskSwitchContext                     0x0800201c   Section        0  tasks.o(i.vTaskSwitchContext)
    i.xPortStartScheduler                    0x0800209c   Section        0  port.o(i.xPortStartScheduler)
    i.xQueueGenericCreate                    0x080020e4   Section        0  queue.o(i.xQueueGenericCreate)
    i.xQueueGenericReceive                   0x08002140   Section        0  queue.o(i.xQueueGenericReceive)
    i.xQueueGenericReset                     0x08002280   Section        0  queue.o(i.xQueueGenericReset)
    i.xQueueGenericSend                      0x080022f8   Section        0  queue.o(i.xQueueGenericSend)
    i.xQueueGenericSendFromISR               0x080023f4   Section        0  queue.o(i.xQueueGenericSendFromISR)
    i.xTaskCheckForTimeOut                   0x0800247c   Section        0  tasks.o(i.xTaskCheckForTimeOut)
    i.xTaskGenericCreate                     0x080024f4   Section        0  tasks.o(i.xTaskGenericCreate)
    i.xTaskGetCurrentTaskHandle              0x08002640   Section        0  tasks.o(i.xTaskGetCurrentTaskHandle)
    i.xTaskGetSchedulerState                 0x0800264c   Section        0  tasks.o(i.xTaskGetSchedulerState)
    i.xTaskGetTickCount                      0x0800266c   Section        0  tasks.o(i.xTaskGetTickCount)
    i.xTaskRemoveFromEventList               0x08002684   Section        0  tasks.o(i.xTaskRemoveFromEventList)
    i.xTaskResumeAll                         0x08002704   Section        0  tasks.o(i.xTaskResumeAll)
    i.xTimerCreateTimerTask                  0x080027f0   Section        0  timers.o(i.xTimerCreateTimerTask)
    i.xTimerGenericCommand                   0x0800283c   Section        0  timers.o(i.xTimerGenericCommand)
    x$fpl$fpinit                             0x080028a4   Section       10  fpinit.o(x$fpl$fpinit)
    $v0                                      0x080028a4   Number         0  fpinit.o(x$fpl$fpinit)
    .data                                    0x20000000   Section        4  main.o(.data)
    .data                                    0x20000004   Section       16  stm32f4xx_rcc.o(.data)
    APBAHBPrescTable                         0x20000004   Data          16  stm32f4xx_rcc.o(.data)
    .data                                    0x20000014   Section       24  heap_2.o(.data)
    xStart                                   0x20000014   Data           8  heap_2.o(.data)
    xEnd                                     0x2000001c   Data           8  heap_2.o(.data)
    xFreeBytesRemaining                      0x20000024   Data           4  heap_2.o(.data)
    xHeapHasBeenInitialised                  0x20000028   Data           4  heap_2.o(.data)
    .data                                    0x2000002c   Section        4  port.o(.data)
    uxCriticalNesting                        0x2000002c   Data           4  port.o(.data)
    .data                                    0x20000030   Section       60  tasks.o(.data)
    pxDelayedTaskList                        0x20000034   Data           4  tasks.o(.data)
    pxOverflowDelayedTaskList                0x20000038   Data           4  tasks.o(.data)
    uxTasksDeleted                           0x2000003c   Data           4  tasks.o(.data)
    uxCurrentNumberOfTasks                   0x20000040   Data           4  tasks.o(.data)
    xTickCount                               0x20000044   Data           4  tasks.o(.data)
    uxTopUsedPriority                        0x20000048   Data           4  tasks.o(.data)
    uxTopReadyPriority                       0x2000004c   Data           4  tasks.o(.data)
    xSchedulerRunning                        0x20000050   Data           4  tasks.o(.data)
    uxSchedulerSuspended                     0x20000054   Data           4  tasks.o(.data)
    uxMissedTicks                            0x20000058   Data           4  tasks.o(.data)
    xMissedYield                             0x2000005c   Data           4  tasks.o(.data)
    xNumOfOverflows                          0x20000060   Data           4  tasks.o(.data)
    uxTaskNumber                             0x20000064   Data           4  tasks.o(.data)
    xNextTaskUnblockTime                     0x20000068   Data           4  tasks.o(.data)
    .data                                    0x2000006c   Section       16  timers.o(.data)
    pxCurrentTimerList                       0x2000006c   Data           4  timers.o(.data)
    pxOverflowTimerList                      0x20000070   Data           4  timers.o(.data)
    xTimerQueue                              0x20000074   Data           4  timers.o(.data)
    xLastTime                                0x20000078   Data           4  timers.o(.data)
    .bss                                     0x2000007c   Section    65536  heap_2.o(.bss)
    ucHeap                                   0x2000007c   Data       65536  heap_2.o(.bss)
    .bss                                     0x2001007c   Section      240  tasks.o(.bss)
    pxReadyTasksLists                        0x2001007c   Data         100  tasks.o(.bss)
    xDelayedTaskList1                        0x200100e0   Data          20  tasks.o(.bss)
    xDelayedTaskList2                        0x200100f4   Data          20  tasks.o(.bss)
    xPendingReadyList                        0x20010108   Data          20  tasks.o(.bss)
    xTasksWaitingTermination                 0x2001011c   Data          20  tasks.o(.bss)
    xSuspendedTaskList                       0x20010130   Data          20  tasks.o(.bss)
    pcStatusString                           0x20010144   Data          40  tasks.o(.bss)
    .bss                                     0x2001016c   Section       40  timers.o(.bss)
    xActiveTimerList1                        0x2001016c   Data          20  timers.o(.bss)
    xActiveTimerList2                        0x20010180   Data          20  timers.o(.bss)
    .bss                                     0x20010194   Section       96  libspace.o(.bss)
    HEAP                                     0x200101f8   Section      512  startup_stm32f4xx.o(HEAP)
    Heap_Mem                                 0x200101f8   Data         512  startup_stm32f4xx.o(HEAP)
    STACK                                    0x200103f8   Section     1024  startup_stm32f4xx.o(STACK)
    Stack_Mem                                0x200103f8   Data        1024  startup_stm32f4xx.o(STACK)
    __initial_sp                             0x200107f8   Data           0  startup_stm32f4xx.o(STACK)

    Global Symbols

    Symbol Name                              Value     Ov Type        Size  Object(Section)

    BuildAttributes$$THM_ISAv4$E$P$D$K$B$S$7EM$VFPi3$EXTD16$VFPS$VFMA$PE$A:L22UL41UL21$X:L11$S22US41US21$IEEE1$IW$USESV6$~STKCKD$USESV7$~SHL$OSPACE$ROPI$EBA8$UX$STANDARDLIB$REQ8$PRES8$EABIv2 0x00000000   Number         0  anon$$obj.o ABSOLUTE
    __ARM_use_no_argv                        0x00000000   Number         0  main.o ABSOLUTE
    _printf_flags                            0x00000000   Number         0  printf_stubs.o ABSOLUTE
    _printf_return_value                     0x00000000   Number         0  printf_stubs.o ABSOLUTE
    _printf_sizespec                         0x00000000   Number         0  printf_stubs.o ABSOLUTE
    _printf_widthprec                        0x00000000   Number         0  printf_stubs.o ABSOLUTE
    __ARM_exceptions_init                     - Undefined Weak Reference
    __alloca_initialize                       - Undefined Weak Reference
    __arm_preinit_                            - Undefined Weak Reference
    __cpp_initialize__aeabi_                  - Undefined Weak Reference
    __cxa_finalize                            - Undefined Weak Reference
    __rt_locale                               - Undefined Weak Reference
    __sigvec_lookup                           - Undefined Weak Reference
    _atexit_init                              - Undefined Weak Reference
    _call_atexit_fns                          - Undefined Weak Reference
    _clock_init                               - Undefined Weak Reference
    _fp_trap_init                             - Undefined Weak Reference
    _fp_trap_shutdown                         - Undefined Weak Reference
    _get_lc_collate                           - Undefined Weak Reference
    _get_lc_ctype                             - Undefined Weak Reference
    _get_lc_monetary                          - Undefined Weak Reference
    _get_lc_numeric                           - Undefined Weak Reference
    _get_lc_time                              - Undefined Weak Reference
    _getenv_init                              - Undefined Weak Reference
    _handle_redirection                       - Undefined Weak Reference
    _init_alloc                               - Undefined Weak Reference
    _init_user_alloc                          - Undefined Weak Reference
    _initio                                   - Undefined Weak Reference
    _printf_mbtowc                            - Undefined Weak Reference
    _printf_post_padding                      - Undefined Weak Reference
    _printf_pre_padding                       - Undefined Weak Reference
    _printf_truncate_signed                   - Undefined Weak Reference
    _printf_truncate_unsigned                 - Undefined Weak Reference
    _rand_init                                - Undefined Weak Reference
    _signal_finish                            - Undefined Weak Reference
    _signal_init                              - Undefined Weak Reference
    _terminate_alloc                          - Undefined Weak Reference
    _terminate_user_alloc                     - Undefined Weak Reference
    _terminateio                              - Undefined Weak Reference
    __Vectors_Size                           0x00000188   Number         0  startup_stm32f4xx.o ABSOLUTE
    __Vectors                                0x08000000   Data           4  startup_stm32f4xx.o(RESET)
    __Vectors_End                            0x08000188   Data           0  startup_stm32f4xx.o(RESET)
    __main                                   0x08000189   Thumb Code     8  __main.o(!!!main)
    __scatterload                            0x08000191   Thumb Code     0  __scatter.o(!!!scatter)
    __scatterload_rt2                        0x08000191   Thumb Code    44  __scatter.o(!!!scatter)
    __scatterload_rt2_thumb_only             0x08000191   Thumb Code     0  __scatter.o(!!!scatter)
    __scatterload_null                       0x0800019f   Thumb Code     0  __scatter.o(!!!scatter)
    __scatterload_copy                       0x080001c5   Thumb Code    26  __scatter_copy.o(!!handler_copy)
    __scatterload_zeroinit                   0x080001e1   Thumb Code    28  __scatter_zi.o(!!handler_zi)
    _printf_percent                          0x080001fd   Thumb Code     0  _printf_percent.o(.ARM.Collect$$_printf_percent$$00000000)
    _printf_u                                0x080001fd   Thumb Code     0  _printf_u.o(.ARM.Collect$$_printf_percent$$0000000A)
    _printf_percent_end                      0x08000203   Thumb Code     0  _printf_percent_end.o(.ARM.Collect$$_printf_percent$$00000017)
    __rt_lib_init                            0x08000207   Thumb Code     0  libinit.o(.ARM.Collect$$libinit$$00000000)
    __rt_lib_init_fp_1                       0x08000209   Thumb Code     0  libinit2.o(.ARM.Collect$$libinit$$00000001)
    __rt_lib_init_alloca_1                   0x0800020d   Thumb Code     0  libinit2.o(.ARM.Collect$$libinit$$0000002E)
    __rt_lib_init_argv_1                     0x0800020d   Thumb Code     0  libinit2.o(.ARM.Collect$$libinit$$0000002C)
    __rt_lib_init_atexit_1                   0x0800020d   Thumb Code     0  libinit2.o(.ARM.Collect$$libinit$$0000001B)
    __rt_lib_init_clock_1                    0x0800020d   Thumb Code     0  libinit2.o(.ARM.Collect$$libinit$$00000021)
    __rt_lib_init_cpp_1                      0x0800020d   Thumb Code     0  libinit2.o(.ARM.Collect$$libinit$$00000032)
    __rt_lib_init_exceptions_1               0x0800020d   Thumb Code     0  libinit2.o(.ARM.Collect$$libinit$$00000030)
    __rt_lib_init_fp_trap_1                  0x0800020d   Thumb Code     0  libinit2.o(.ARM.Collect$$libinit$$0000001F)
    __rt_lib_init_getenv_1                   0x0800020d   Thumb Code     0  libinit2.o(.ARM.Collect$$libinit$$00000023)
    __rt_lib_init_heap_1                     0x0800020d   Thumb Code     0  libinit2.o(.ARM.Collect$$libinit$$0000000A)
    __rt_lib_init_lc_collate_1               0x0800020d   Thumb Code     0  libinit2.o(.ARM.Collect$$libinit$$00000011)
    __rt_lib_init_lc_ctype_1                 0x0800020d   Thumb Code     0  libinit2.o(.ARM.Collect$$libinit$$00000013)
    __rt_lib_init_lc_monetary_1              0x0800020d   Thumb Code     0  libinit2.o(.ARM.Collect$$libinit$$00000015)
    __rt_lib_init_lc_numeric_1               0x0800020d   Thumb Code     0  libinit2.o(.ARM.Collect$$libinit$$00000017)
    __rt_lib_init_lc_time_1                  0x0800020d   Thumb Code     0  libinit2.o(.ARM.Collect$$libinit$$00000019)
    __rt_lib_init_preinit_1                  0x0800020d   Thumb Code     0  libinit2.o(.ARM.Collect$$libinit$$00000004)
    __rt_lib_init_rand_1                     0x0800020d   Thumb Code     0  libinit2.o(.ARM.Collect$$libinit$$0000000E)
    __rt_lib_init_return                     0x0800020d   Thumb Code     0  libinit2.o(.ARM.Collect$$libinit$$00000033)
    __rt_lib_init_signal_1                   0x0800020d   Thumb Code     0  libinit2.o(.ARM.Collect$$libinit$$0000001D)
    __rt_lib_init_stdio_1                    0x0800020d   Thumb Code     0  libinit2.o(.ARM.Collect$$libinit$$00000025)
    __rt_lib_init_user_alloc_1               0x0800020d   Thumb Code     0  libinit2.o(.ARM.Collect$$libinit$$0000000C)
    __rt_lib_shutdown                        0x0800020f   Thumb Code     0  libshutdown.o(.ARM.Collect$$libshutdown$$00000000)
    __rt_lib_shutdown_cpp_1                  0x08000211   Thumb Code     0  libshutdown2.o(.ARM.Collect$$libshutdown$$00000002)
    __rt_lib_shutdown_fp_trap_1              0x08000211   Thumb Code     0  libshutdown2.o(.ARM.Collect$$libshutdown$$00000007)
    __rt_lib_shutdown_heap_1                 0x08000211   Thumb Code     0  libshutdown2.o(.ARM.Collect$$libshutdown$$0000000F)
    __rt_lib_shutdown_return                 0x08000211   Thumb Code     0  libshutdown2.o(.ARM.Collect$$libshutdown$$00000010)
    __rt_lib_shutdown_signal_1               0x08000211   Thumb Code     0  libshutdown2.o(.ARM.Collect$$libshutdown$$0000000A)
    __rt_lib_shutdown_stdio_1                0x08000211   Thumb Code     0  libshutdown2.o(.ARM.Collect$$libshutdown$$00000004)
    __rt_lib_shutdown_user_alloc_1           0x08000211   Thumb Code     0  libshutdown2.o(.ARM.Collect$$libshutdown$$0000000C)
    __rt_entry                               0x08000213   Thumb Code     0  __rtentry.o(.ARM.Collect$$rtentry$$00000000)
    __rt_entry_presh_1                       0x08000213   Thumb Code     0  __rtentry2.o(.ARM.Collect$$rtentry$$00000002)
    __rt_entry_sh                            0x08000213   Thumb Code     0  __rtentry4.o(.ARM.Collect$$rtentry$$00000004)
    __rt_entry_li                            0x08000219   Thumb Code     0  __rtentry2.o(.ARM.Collect$$rtentry$$0000000A)
    __rt_entry_postsh_1                      0x08000219   Thumb Code     0  __rtentry2.o(.ARM.Collect$$rtentry$$00000009)
    __rt_entry_main                          0x0800021d   Thumb Code     0  __rtentry2.o(.ARM.Collect$$rtentry$$0000000D)
    __rt_entry_postli_1                      0x0800021d   Thumb Code     0  __rtentry2.o(.ARM.Collect$$rtentry$$0000000C)
    __rt_exit                                0x08000225   Thumb Code     0  rtexit.o(.ARM.Collect$$rtexit$$00000000)
    __rt_exit_ls                             0x08000227   Thumb Code     0  rtexit2.o(.ARM.Collect$$rtexit$$00000003)
    __rt_exit_prels_1                        0x08000227   Thumb Code     0  rtexit2.o(.ARM.Collect$$rtexit$$00000002)
    __rt_exit_exit                           0x0800022b   Thumb Code     0  rtexit2.o(.ARM.Collect$$rtexit$$00000004)
    SVC_Handler                              0x08000231   Thumb Code    24  port.o(.emb_text)
    __asm___6_port_c_39a90d8d__prvStartFirstTask 0x0800024d   Thumb Code    16  port.o(.emb_text)
    __asm___6_port_c_39a90d8d__prvEnableVFP  0x08000261   Thumb Code    16  port.o(.emb_text)
    PendSV_Handler                           0x08000275   Thumb Code    76  port.o(.emb_text)
    ulPortSetInterruptMask                   0x080002c5   Thumb Code    14  port.o(.emb_text)
    vPortClearInterruptMask                  0x080002d3   Thumb Code     6  port.o(.emb_text)
    Reset_Handler                            0x080002d9   Thumb Code    18  startup_stm32f4xx.o(.text)
    NMI_Handler                              0x080002eb   Thumb Code     2  startup_stm32f4xx.o(.text)
    HardFault_Handler                        0x080002ed   Thumb Code     2  startup_stm32f4xx.o(.text)
    MemManage_Handler                        0x080002ef   Thumb Code     2  startup_stm32f4xx.o(.text)
    BusFault_Handler                         0x080002f1   Thumb Code     2  startup_stm32f4xx.o(.text)
    UsageFault_Handler                       0x080002f3   Thumb Code     2  startup_stm32f4xx.o(.text)
    DebugMon_Handler                         0x080002f7   Thumb Code     2  startup_stm32f4xx.o(.text)
    ADC_IRQHandler                           0x080002fd   Thumb Code     0  startup_stm32f4xx.o(.text)
    CAN1_RX0_IRQHandler                      0x080002fd   Thumb Code     0  startup_stm32f4xx.o(.text)
    CAN1_RX1_IRQHandler                      0x080002fd   Thumb Code     0  startup_stm32f4xx.o(.text)
    CAN1_SCE_IRQHandler                      0x080002fd   Thumb Code     0  startup_stm32f4xx.o(.text)
    CAN1_TX_IRQHandler                       0x080002fd   Thumb Code     0  startup_stm32f4xx.o(.text)
    CAN2_RX0_IRQHandler                      0x080002fd   Thumb Code     0  startup_stm32f4xx.o(.text)
    CAN2_RX1_IRQHandler                      0x080002fd   Thumb Code     0  startup_stm32f4xx.o(.text)
    CAN2_SCE_IRQHandler                      0x080002fd   Thumb Code     0  startup_stm32f4xx.o(.text)
    CAN2_TX_IRQHandler                       0x080002fd   Thumb Code     0  startup_stm32f4xx.o(.text)
    CRYP_IRQHandler                          0x080002fd   Thumb Code     0  startup_stm32f4xx.o(.text)
    DCMI_IRQHandler                          0x080002fd   Thumb Code     0  startup_stm32f4xx.o(.text)
    DMA1_Stream0_IRQHandler                  0x080002fd   Thumb Code     0  startup_stm32f4xx.o(.text)
    DMA1_Stream1_IRQHandler                  0x080002fd   Thumb Code     0  startup_stm32f4xx.o(.text)
    DMA1_Stream2_IRQHandler                  0x080002fd   Thumb Code     0  startup_stm32f4xx.o(.text)
    DMA1_Stream3_IRQHandler                  0x080002fd   Thumb Code     0  startup_stm32f4xx.o(.text)
    DMA1_Stream4_IRQHandler                  0x080002fd   Thumb Code     0  startup_stm32f4xx.o(.text)
    DMA1_Stream5_IRQHandler                  0x080002fd   Thumb Code     0  startup_stm32f4xx.o(.text)
    DMA1_Stream6_IRQHandler                  0x080002fd   Thumb Code     0  startup_stm32f4xx.o(.text)
    DMA1_Stream7_IRQHandler                  0x080002fd   Thumb Code     0  startup_stm32f4xx.o(.text)
    DMA2_Stream0_IRQHandler                  0x080002fd   Thumb Code     0  startup_stm32f4xx.o(.text)
    DMA2_Stream1_IRQHandler                  0x080002fd   Thumb Code     0  startup_stm32f4xx.o(.text)
    DMA2_Stream2_IRQHandler                  0x080002fd   Thumb Code     0  startup_stm32f4xx.o(.text)
    DMA2_Stream3_IRQHandler                  0x080002fd   Thumb Code     0  startup_stm32f4xx.o(.text)
    DMA2_Stream4_IRQHandler                  0x080002fd   Thumb Code     0  startup_stm32f4xx.o(.text)
    DMA2_Stream5_IRQHandler                  0x080002fd   Thumb Code     0  startup_stm32f4xx.o(.text)
    DMA2_Stream6_IRQHandler                  0x080002fd   Thumb Code     0  startup_stm32f4xx.o(.text)
    DMA2_Stream7_IRQHandler                  0x080002fd   Thumb Code     0  startup_stm32f4xx.o(.text)
    ETH_IRQHandler                           0x080002fd   Thumb Code     0  startup_stm32f4xx.o(.text)
    ETH_WKUP_IRQHandler                      0x080002fd   Thumb Code     0  startup_stm32f4xx.o(.text)
    EXTI0_IRQHandler                         0x080002fd   Thumb Code     0  startup_stm32f4xx.o(.text)
    EXTI15_10_IRQHandler                     0x080002fd   Thumb Code     0  startup_stm32f4xx.o(.text)
    EXTI1_IRQHandler                         0x080002fd   Thumb Code     0  startup_stm32f4xx.o(.text)
    EXTI2_IRQHandler                         0x080002fd   Thumb Code     0  startup_stm32f4xx.o(.text)
    EXTI3_IRQHandler                         0x080002fd   Thumb Code     0  startup_stm32f4xx.o(.text)
    EXTI4_IRQHandler                         0x080002fd   Thumb Code     0  startup_stm32f4xx.o(.text)
    EXTI9_5_IRQHandler                       0x080002fd   Thumb Code     0  startup_stm32f4xx.o(.text)
    FLASH_IRQHandler                         0x080002fd   Thumb Code     0  startup_stm32f4xx.o(.text)
    FPU_IRQHandler                           0x080002fd   Thumb Code     0  startup_stm32f4xx.o(.text)
    FSMC_IRQHandler                          0x080002fd   Thumb Code     0  startup_stm32f4xx.o(.text)
    HASH_RNG_IRQHandler                      0x080002fd   Thumb Code     0  startup_stm32f4xx.o(.text)
    I2C1_ER_IRQHandler                       0x080002fd   Thumb Code     0  startup_stm32f4xx.o(.text)
    I2C1_EV_IRQHandler                       0x080002fd   Thumb Code     0  startup_stm32f4xx.o(.text)
    I2C2_ER_IRQHandler                       0x080002fd   Thumb Code     0  startup_stm32f4xx.o(.text)
    I2C2_EV_IRQHandler                       0x080002fd   Thumb Code     0  startup_stm32f4xx.o(.text)
    I2C3_ER_IRQHandler                       0x080002fd   Thumb Code     0  startup_stm32f4xx.o(.text)
    I2C3_EV_IRQHandler                       0x080002fd   Thumb Code     0  startup_stm32f4xx.o(.text)
    OTG_FS_IRQHandler                        0x080002fd   Thumb Code     0  startup_stm32f4xx.o(.text)
    OTG_FS_WKUP_IRQHandler                   0x080002fd   Thumb Code     0  startup_stm32f4xx.o(.text)
    OTG_HS_EP1_IN_IRQHandler                 0x080002fd   Thumb Code     0  startup_stm32f4xx.o(.text)
    OTG_HS_EP1_OUT_IRQHandler                0x080002fd   Thumb Code     0  startup_stm32f4xx.o(.text)
    OTG_HS_IRQHandler                        0x080002fd   Thumb Code     0  startup_stm32f4xx.o(.text)
    OTG_HS_WKUP_IRQHandler                   0x080002fd   Thumb Code     0  startup_stm32f4xx.o(.text)
    PVD_IRQHandler                           0x080002fd   Thumb Code     0  startup_stm32f4xx.o(.text)
    RCC_IRQHandler                           0x080002fd   Thumb Code     0  startup_stm32f4xx.o(.text)
    RTC_Alarm_IRQHandler                     0x080002fd   Thumb Code     0  startup_stm32f4xx.o(.text)
    RTC_WKUP_IRQHandler                      0x080002fd   Thumb Code     0  startup_stm32f4xx.o(.text)
    SDIO_IRQHandler                          0x080002fd   Thumb Code     0  startup_stm32f4xx.o(.text)
    SPI1_IRQHandler                          0x080002fd   Thumb Code     0  startup_stm32f4xx.o(.text)
    SPI2_IRQHandler                          0x080002fd   Thumb Code     0  startup_stm32f4xx.o(.text)
    SPI3_IRQHandler                          0x080002fd   Thumb Code     0  startup_stm32f4xx.o(.text)
    TAMP_STAMP_IRQHandler                    0x080002fd   Thumb Code     0  startup_stm32f4xx.o(.text)
    TIM1_BRK_TIM9_IRQHandler                 0x080002fd   Thumb Code     0  startup_stm32f4xx.o(.text)
    TIM1_CC_IRQHandler                       0x080002fd   Thumb Code     0  startup_stm32f4xx.o(.text)
    TIM1_TRG_COM_TIM11_IRQHandler            0x080002fd   Thumb Code     0  startup_stm32f4xx.o(.text)
    TIM1_UP_TIM10_IRQHandler                 0x080002fd   Thumb Code     0  startup_stm32f4xx.o(.text)
    TIM2_IRQHandler                          0x080002fd   Thumb Code     0  startup_stm32f4xx.o(.text)
    TIM3_IRQHandler                          0x080002fd   Thumb Code     0  startup_stm32f4xx.o(.text)
    TIM4_IRQHandler                          0x080002fd   Thumb Code     0  startup_stm32f4xx.o(.text)
    TIM5_IRQHandler                          0x080002fd   Thumb Code     0  startup_stm32f4xx.o(.text)
    TIM6_DAC_IRQHandler                      0x080002fd   Thumb Code     0  startup_stm32f4xx.o(.text)
    TIM7_IRQHandler                          0x080002fd   Thumb Code     0  startup_stm32f4xx.o(.text)
    TIM8_BRK_TIM12_IRQHandler                0x080002fd   Thumb Code     0  startup_stm32f4xx.o(.text)
    TIM8_CC_IRQHandler                       0x080002fd   Thumb Code     0  startup_stm32f4xx.o(.text)
    TIM8_TRG_COM_TIM14_IRQHandler            0x080002fd   Thumb Code     0  startup_stm32f4xx.o(.text)
    TIM8_UP_TIM13_IRQHandler                 0x080002fd   Thumb Code     0  startup_stm32f4xx.o(.text)
    UART4_IRQHandler                         0x080002fd   Thumb Code     0  startup_stm32f4xx.o(.text)
    UART5_IRQHandler                         0x080002fd   Thumb Code     0  startup_stm32f4xx.o(.text)
    USART1_IRQHandler                        0x080002fd   Thumb Code     0  startup_stm32f4xx.o(.text)
    USART3_IRQHandler                        0x080002fd   Thumb Code     0  startup_stm32f4xx.o(.text)
    USART6_IRQHandler                        0x080002fd   Thumb Code     0  startup_stm32f4xx.o(.text)
    WWDG_IRQHandler                          0x080002fd   Thumb Code     0  startup_stm32f4xx.o(.text)
    __user_initial_stackheap                 0x08000301   Thumb Code     0  startup_stm32f4xx.o(.text)
    __2sprintf                               0x08000329   Thumb Code    34  noretval__2sprintf.o(.text)
    _printf_int_dec                          0x08000351   Thumb Code   104  _printf_dec.o(.text)
    __printf                                 0x080003c9   Thumb Code   184  __printf_ss.o(.text)
    __aeabi_memcpy                           0x08000481   Thumb Code     0  rt_memcpy_v6.o(.text)
    __rt_memcpy                              0x08000481   Thumb Code   138  rt_memcpy_v6.o(.text)
    _memcpy_lastbytes                        0x080004e7   Thumb Code     0  rt_memcpy_v6.o(.text)
    __aeabi_memset                           0x0800050b   Thumb Code    16  aeabi_memset.o(.text)
    strncpy                                  0x0800051b   Thumb Code    86  strncpy.o(.text)
    __use_two_region_memory                  0x08000571   Thumb Code     2  heapauxi.o(.text)
    __rt_heap_escrow$2region                 0x08000573   Thumb Code     2  heapauxi.o(.text)
    __rt_heap_expand$2region                 0x08000575   Thumb Code     2  heapauxi.o(.text)
    _printf_int_common                       0x08000577   Thumb Code   178  _printf_intcommon.o(.text)
    _printf_char_common                      0x08000633   Thumb Code    32  _printf_char_common.o(.text)
    _sputc                                   0x08000659   Thumb Code    10  _sputc.o(.text)
    __aeabi_memcpy4                          0x08000663   Thumb Code     0  rt_memcpy_w.o(.text)
    __aeabi_memcpy8                          0x08000663   Thumb Code     0  rt_memcpy_w.o(.text)
    __rt_memcpy_w                            0x08000663   Thumb Code   100  rt_memcpy_w.o(.text)
    _memcpy_lastbytes_aligned                0x080006ab   Thumb Code     0  rt_memcpy_w.o(.text)
    __aeabi_memclr                           0x080006c7   Thumb Code     0  rt_memclr.o(.text)
    __rt_memclr                              0x080006c7   Thumb Code    68  rt_memclr.o(.text)
    _memset                                  0x080006cb   Thumb Code     0  rt_memclr.o(.text)
    __aeabi_memclr4                          0x0800070b   Thumb Code     0  rt_memclr_w.o(.text)
    __aeabi_memclr8                          0x0800070b   Thumb Code     0  rt_memclr_w.o(.text)
    __rt_memclr_w                            0x0800070b   Thumb Code    78  rt_memclr_w.o(.text)
    _memset_w                                0x0800070f   Thumb Code     0  rt_memclr_w.o(.text)
    __user_setup_stackheap                   0x08000759   Thumb Code    74  sys_stackheap_outer.o(.text)
    exit                                     0x080007a3   Thumb Code    18  exit.o(.text)
    __user_libspace                          0x080007b5   Thumb Code     8  libspace.o(.text)
    __user_perproc_libspace                  0x080007b5   Thumb Code     0  libspace.o(.text)
    __user_perthread_libspace                0x080007b5   Thumb Code     0  libspace.o(.text)
    _sys_exit                                0x080007bd   Thumb Code     8  sys_exit.o(.text)
    __I$use$semihosting                      0x080007c9   Thumb Code     0  use_no_semi.o(.text)
    __use_no_semihosting_swi                 0x080007c9   Thumb Code     2  use_no_semi.o(.text)
    __semihosting_library_function           0x080007cb   Thumb Code     0  indicate_semi.o(.text)
    BackSensorTask                           0x080007cd   Thumb Code    38  main.o(i.BackSensorTask)
    ControlMotors                            0x080007fd   Thumb Code   206  main.o(i.ControlMotors)
    FrontSensorTask                          0x080008cd   Thumb Code    38  main.o(i.FrontSensorTask)
    GPIO_Init                                0x080008fd   Thumb Code   144  stm32f4xx_gpio.o(i.GPIO_Init)
    GPIO_PinAFConfig                         0x0800098d   Thumb Code    70  stm32f4xx_gpio.o(i.GPIO_PinAFConfig)
    GPIO_ReadInputDataBit                    0x080009d3   Thumb Code    18  stm32f4xx_gpio.o(i.GPIO_ReadInputDataBit)
    GPIO_ResetBits                           0x080009e5   Thumb Code     4  stm32f4xx_gpio.o(i.GPIO_ResetBits)
    GPIO_SetBits                             0x080009e9   Thumb Code     4  stm32f4xx_gpio.o(i.GPIO_SetBits)
    InitGPIO                                 0x080009ed   Thumb Code    70  main.o(i.InitGPIO)
    InitMotorGPIO                            0x08000a39   Thumb Code    48  main.o(i.InitMotorGPIO)
    InitPWM                                  0x08000a6d   Thumb Code   148  main.o(i.InitPWM)
    MeasureDistance                          0x08000b09   Thumb Code    92  main.o(i.MeasureDistance)
    NVIC_Init                                0x08000b69   Thumb Code   106  misc.o(i.NVIC_Init)
    RCC_AHB1PeriphClockCmd                   0x08000be1   Thumb Code    26  stm32f4xx_rcc.o(i.RCC_AHB1PeriphClockCmd)
    RCC_APB1PeriphClockCmd                   0x08000c01   Thumb Code    26  stm32f4xx_rcc.o(i.RCC_APB1PeriphClockCmd)
    RCC_GetClocksFreq                        0x08000c21   Thumb Code   214  stm32f4xx_rcc.o(i.RCC_GetClocksFreq)
    SetMotorDirection                        0x08000d09   Thumb Code   102  main.o(i.SetMotorDirection)
    SetMotorPWM                              0x08000d75   Thumb Code    32  main.o(i.SetMotorPWM)
    SysTick_Handler                          0x08000e85   Thumb Code    26  port.o(i.SysTick_Handler)
    SystemInit                               0x08000ea5   Thumb Code    74  system_stm32f4xx.o(i.SystemInit)
    TIM_Cmd                                  0x08000f01   Thumb Code    24  stm32f4xx_tim.o(i.TIM_Cmd)
    TIM_OC1Init                              0x08000f19   Thumb Code   114  stm32f4xx_tim.o(i.TIM_OC1Init)
    TIM_OC2Init                              0x08000f95   Thumb Code   154  stm32f4xx_tim.o(i.TIM_OC2Init)
    TIM_TimeBaseInit                         0x08001039   Thumb Code   104  stm32f4xx_tim.o(i.TIM_TimeBaseInit)
    UART_Init                                0x080010bd   Thumb Code   126  main.o(i.UART_Init)
    UART_SendString                          0x08001145   Thumb Code    38  main.o(i.UART_SendString)
    USART2_IRQHandler                        0x08001171   Thumb Code    36  main.o(i.USART2_IRQHandler)
    USART_Cmd                                0x0800119d   Thumb Code    24  stm32f4xx_usart.o(i.USART_Cmd)
    USART_GetFlagStatus                      0x080011b5   Thumb Code    26  stm32f4xx_usart.o(i.USART_GetFlagStatus)
    USART_GetITStatus                        0x080011cf   Thumb Code    84  stm32f4xx_usart.o(i.USART_GetITStatus)
    USART_ITConfig                           0x08001223   Thumb Code    74  stm32f4xx_usart.o(i.USART_ITConfig)
    USART_Init                               0x0800126d   Thumb Code   204  stm32f4xx_usart.o(i.USART_Init)
    USART_ReceiveData                        0x08001341   Thumb Code    10  stm32f4xx_usart.o(i.USART_ReceiveData)
    USART_SendData                           0x0800134b   Thumb Code     8  stm32f4xx_usart.o(i.USART_SendData)
    main                                     0x08001355   Thumb Code    82  main.o(i.main)
    pvPortMalloc                             0x08001a35   Thumb Code   166  heap_2.o(i.pvPortMalloc)
    pxPortInitialiseStack                    0x08001aed   Thumb Code    32  port.o(i.pxPortInitialiseStack)
    usart_irq                                0x08001b0d   Thumb Code    44  main.o(i.usart_irq)
    uxListRemove                             0x08001b3d   Thumb Code    40  list.o(i.uxListRemove)
    vListInitialise                          0x08001b65   Thumb Code    26  list.o(i.vListInitialise)
    vListInitialiseItem                      0x08001b7f   Thumb Code     6  list.o(i.vListInitialiseItem)
    vListInsert                              0x08001b85   Thumb Code    52  list.o(i.vListInsert)
    vListInsertEnd                           0x08001bb9   Thumb Code    28  list.o(i.vListInsertEnd)
    vPortEnterCritical                       0x08001bd5   Thumb Code    26  port.o(i.vPortEnterCritical)
    vPortExitCritical                        0x08001bf5   Thumb Code    26  port.o(i.vPortExitCritical)
    vPortFree                                0x08001c15   Thumb Code    56  heap_2.o(i.vPortFree)
    vPortSetupTimerInterrupt                 0x08001c55   Thumb Code    14  port.o(i.vPortSetupTimerInterrupt)
    vPortYield                               0x08001c69   Thumb Code    18  port.o(i.vPortYield)
    vQueueWaitForMessageRestricted           0x08001c81   Thumb Code    58  queue.o(i.vQueueWaitForMessageRestricted)
    vTaskDelay                               0x08001cbd   Thumb Code    48  tasks.o(i.vTaskDelay)
    vTaskIncrementTick                       0x08001cf5   Thumb Code   254  tasks.o(i.vTaskIncrementTick)
    vTaskMissedYield                         0x08001e19   Thumb Code     8  tasks.o(i.vTaskMissedYield)
    vTaskPlaceOnEventList                    0x08001e25   Thumb Code    70  tasks.o(i.vTaskPlaceOnEventList)
    vTaskPlaceOnEventListRestricted          0x08001e79   Thumb Code    52  tasks.o(i.vTaskPlaceOnEventListRestricted)
    vTaskPriorityDisinherit                  0x08001eb5   Thumb Code    70  tasks.o(i.vTaskPriorityDisinherit)
    vTaskPriorityInherit                     0x08001f05   Thumb Code   118  tasks.o(i.vTaskPriorityInherit)
    vTaskSetTimeOutState                     0x08001f89   Thumb Code    28  tasks.o(i.vTaskSetTimeOutState)
    vTaskStartScheduler                      0x08001fad   Thumb Code    76  tasks.o(i.vTaskStartScheduler)
    vTaskSuspendAll                          0x0800200d   Thumb Code    12  tasks.o(i.vTaskSuspendAll)
    vTaskSwitchContext                       0x0800201d   Thumb Code   108  tasks.o(i.vTaskSwitchContext)
    xPortStartScheduler                      0x0800209d   Thumb Code    58  port.o(i.xPortStartScheduler)
    xQueueGenericCreate                      0x080020e5   Thumb Code    92  queue.o(i.xQueueGenericCreate)
    xQueueGenericReceive                     0x08002141   Thumb Code   320  queue.o(i.xQueueGenericReceive)
    xQueueGenericReset                       0x08002281   Thumb Code   120  queue.o(i.xQueueGenericReset)
    xQueueGenericSend                        0x080022f9   Thumb Code   252  queue.o(i.xQueueGenericSend)
    xQueueGenericSendFromISR                 0x080023f5   Thumb Code   134  queue.o(i.xQueueGenericSendFromISR)
    xTaskCheckForTimeOut                     0x0800247d   Thumb Code   112  tasks.o(i.xTaskCheckForTimeOut)
    xTaskGenericCreate                       0x080024f5   Thumb Code   302  tasks.o(i.xTaskGenericCreate)
    xTaskGetCurrentTaskHandle                0x08002641   Thumb Code     6  tasks.o(i.xTaskGetCurrentTaskHandle)
    xTaskGetSchedulerState                   0x0800264d   Thumb Code    24  tasks.o(i.xTaskGetSchedulerState)
    xTaskGetTickCount                        0x0800266d   Thumb Code    18  tasks.o(i.xTaskGetTickCount)
    xTaskRemoveFromEventList                 0x08002685   Thumb Code   106  tasks.o(i.xTaskRemoveFromEventList)
    xTaskResumeAll                           0x08002705   Thumb Code   202  tasks.o(i.xTaskResumeAll)
    xTimerCreateTimerTask                    0x080027f1   Thumb Code    58  timers.o(i.xTimerCreateTimerTask)
    xTimerGenericCommand                     0x0800283d   Thumb Code   100  timers.o(i.xTimerGenericCommand)
    _fp_init                                 0x080028a5   Thumb Code    10  fpinit.o(x$fpl$fpinit)
    __fplib_config_fpu_vfp                   0x080028ad   Thumb Code     0  fpinit.o(x$fpl$fpinit)
    __fplib_config_pureend_doubles           0x080028ad   Thumb Code     0  fpinit.o(x$fpl$fpinit)
    Region$$Table$$Base                      0x080028b0   Number         0  anon$$obj.o(Region$$Table)
    Region$$Table$$Limit                     0x080028d0   Number         0  anon$$obj.o(Region$$Table)
    receivedChar                             0x20000000   Data           1  main.o(.data)
    received_char_counter                    0x20000002   Data           2  main.o(.data)
    pxCurrentTCB                             0x20000030   Data           4  tasks.o(.data)
    __libspace_start                         0x20010194   Data          96  libspace.o(.bss)
    __temporary_stack_top$libspace           0x200101f4   Data           0  libspace.o(.bss)



==============================================================================

Memory Map of the image

  Image Entry point : 0x080002d9

  Load Region LR_1 (Base: 0x08000000, Size: 0x0000294c, Max: 0xffffffff, ABSOLUTE)

    Execution Region ER_RO (Exec base: 0x08000000, Load base: 0x08000000, Size: 0x000028d0, Max: 0xffffffff, ABSOLUTE)

    Exec Addr    Load Addr    Size         Type   Attr      Idx    E Section Name        Object

    0x08000000   0x08000000   0x00000188   Data   RO         1391    RESET               startup_stm32f4xx.o
    0x08000188   0x08000188   0x00000008   Code   RO         2151  * !!!main             c_w.l(__main.o)
    0x08000190   0x08000190   0x00000034   Code   RO         2325    !!!scatter          c_w.l(__scatter.o)
    0x080001c4   0x080001c4   0x0000001a   Code   RO         2327    !!handler_copy      c_w.l(__scatter_copy.o)
    0x080001de   0x080001de   0x00000002   PAD
    0x080001e0   0x080001e0   0x0000001c   Code   RO         2329    !!handler_zi        c_w.l(__scatter_zi.o)
    0x080001fc   0x080001fc   0x00000000   Code   RO         2140    .ARM.Collect$$_printf_percent$$00000000  c_w.l(_printf_percent.o)
    0x080001fc   0x080001fc   0x00000006   Code   RO         2139    .ARM.Collect$$_printf_percent$$0000000A  c_w.l(_printf_u.o)
    0x08000202   0x08000202   0x00000004   Code   RO         2162    .ARM.Collect$$_printf_percent$$00000017  c_w.l(_printf_percent_end.o)
    0x08000206   0x08000206   0x00000002   Code   RO         2195    .ARM.Collect$$libinit$$00000000  c_w.l(libinit.o)
    0x08000208   0x08000208   0x00000004   Code   RO         2201    .ARM.Collect$$libinit$$00000001  c_w.l(libinit2.o)
    0x0800020c   0x0800020c   0x00000000   Code   RO         2204    .ARM.Collect$$libinit$$00000004  c_w.l(libinit2.o)
    0x0800020c   0x0800020c   0x00000000   Code   RO         2207    .ARM.Collect$$libinit$$0000000A  c_w.l(libinit2.o)
    0x0800020c   0x0800020c   0x00000000   Code   RO         2209    .ARM.Collect$$libinit$$0000000C  c_w.l(libinit2.o)
    0x0800020c   0x0800020c   0x00000000   Code   RO         2211    .ARM.Collect$$libinit$$0000000E  c_w.l(libinit2.o)
    0x0800020c   0x0800020c   0x00000000   Code   RO         2214    .ARM.Collect$$libinit$$00000011  c_w.l(libinit2.o)
    0x0800020c   0x0800020c   0x00000000   Code   RO         2216    .ARM.Collect$$libinit$$00000013  c_w.l(libinit2.o)
    0x0800020c   0x0800020c   0x00000000   Code   RO         2218    .ARM.Collect$$libinit$$00000015  c_w.l(libinit2.o)
    0x0800020c   0x0800020c   0x00000000   Code   RO         2220    .ARM.Collect$$libinit$$00000017  c_w.l(libinit2.o)
    0x0800020c   0x0800020c   0x00000000   Code   RO         2222    .ARM.Collect$$libinit$$00000019  c_w.l(libinit2.o)
    0x0800020c   0x0800020c   0x00000000   Code   RO         2224    .ARM.Collect$$libinit$$0000001B  c_w.l(libinit2.o)
    0x0800020c   0x0800020c   0x00000000   Code   RO         2226    .ARM.Collect$$libinit$$0000001D  c_w.l(libinit2.o)
    0x0800020c   0x0800020c   0x00000000   Code   RO         2228    .ARM.Collect$$libinit$$0000001F  c_w.l(libinit2.o)
    0x0800020c   0x0800020c   0x00000000   Code   RO         2230    .ARM.Collect$$libinit$$00000021  c_w.l(libinit2.o)
    0x0800020c   0x0800020c   0x00000000   Code   RO         2232    .ARM.Collect$$libinit$$00000023  c_w.l(libinit2.o)
    0x0800020c   0x0800020c   0x00000000   Code   RO         2234    .ARM.Collect$$libinit$$00000025  c_w.l(libinit2.o)
    0x0800020c   0x0800020c   0x00000000   Code   RO         2238    .ARM.Collect$$libinit$$0000002C  c_w.l(libinit2.o)
    0x0800020c   0x0800020c   0x00000000   Code   RO         2240    .ARM.Collect$$libinit$$0000002E  c_w.l(libinit2.o)
    0x0800020c   0x0800020c   0x00000000   Code   RO         2242    .ARM.Collect$$libinit$$00000030  c_w.l(libinit2.o)
    0x0800020c   0x0800020c   0x00000000   Code   RO         2244    .ARM.Collect$$libinit$$00000032  c_w.l(libinit2.o)
    0x0800020c   0x0800020c   0x00000002   Code   RO         2245    .ARM.Collect$$libinit$$00000033  c_w.l(libinit2.o)
    0x0800020e   0x0800020e   0x00000002   Code   RO         2265    .ARM.Collect$$libshutdown$$00000000  c_w.l(libshutdown.o)
    0x08000210   0x08000210   0x00000000   Code   RO         2278    .ARM.Collect$$libshutdown$$00000002  c_w.l(libshutdown2.o)
    0x08000210   0x08000210   0x00000000   Code   RO         2280    .ARM.Collect$$libshutdown$$00000004  c_w.l(libshutdown2.o)
    0x08000210   0x08000210   0x00000000   Code   RO         2283    .ARM.Collect$$libshutdown$$00000007  c_w.l(libshutdown2.o)
    0x08000210   0x08000210   0x00000000   Code   RO         2286    .ARM.Collect$$libshutdown$$0000000A  c_w.l(libshutdown2.o)
    0x08000210   0x08000210   0x00000000   Code   RO         2288    .ARM.Collect$$libshutdown$$0000000C  c_w.l(libshutdown2.o)
    0x08000210   0x08000210   0x00000000   Code   RO         2291    .ARM.Collect$$libshutdown$$0000000F  c_w.l(libshutdown2.o)
    0x08000210   0x08000210   0x00000002   Code   RO         2292    .ARM.Collect$$libshutdown$$00000010  c_w.l(libshutdown2.o)
    0x08000212   0x08000212   0x00000000   Code   RO         2153    .ARM.Collect$$rtentry$$00000000  c_w.l(__rtentry.o)
    0x08000212   0x08000212   0x00000000   Code   RO         2168    .ARM.Collect$$rtentry$$00000002  c_w.l(__rtentry2.o)
    0x08000212   0x08000212   0x00000006   Code   RO         2180    .ARM.Collect$$rtentry$$00000004  c_w.l(__rtentry4.o)
    0x08000218   0x08000218   0x00000000   Code   RO         2170    .ARM.Collect$$rtentry$$00000009  c_w.l(__rtentry2.o)
    0x08000218   0x08000218   0x00000004   Code   RO         2171    .ARM.Collect$$rtentry$$0000000A  c_w.l(__rtentry2.o)
    0x0800021c   0x0800021c   0x00000000   Code   RO         2173    .ARM.Collect$$rtentry$$0000000C  c_w.l(__rtentry2.o)
    0x0800021c   0x0800021c   0x00000008   Code   RO         2174    .ARM.Collect$$rtentry$$0000000D  c_w.l(__rtentry2.o)
    0x08000224   0x08000224   0x00000002   Code   RO         2199    .ARM.Collect$$rtexit$$00000000  c_w.l(rtexit.o)
    0x08000226   0x08000226   0x00000000   Code   RO         2247    .ARM.Collect$$rtexit$$00000002  c_w.l(rtexit2.o)
    0x08000226   0x08000226   0x00000004   Code   RO         2248    .ARM.Collect$$rtexit$$00000003  c_w.l(rtexit2.o)
    0x0800022a   0x0800022a   0x00000006   Code   RO         2249    .ARM.Collect$$rtexit$$00000004  c_w.l(rtexit2.o)
    0x08000230   0x08000230   0x000000a8   Code   RO         1534    .emb_text           port.o
    0x080002d8   0x080002d8   0x00000050   Code   RO         1392  * .text               startup_stm32f4xx.o
    0x08000328   0x08000328   0x00000028   Code   RO         2109    .text               c_w.l(noretval__2sprintf.o)
    0x08000350   0x08000350   0x00000078   Code   RO         2115    .text               c_w.l(_printf_dec.o)
    0x080003c8   0x080003c8   0x000000b8   Code   RO         2120    .text               c_w.l(__printf_ss.o)
    0x08000480   0x08000480   0x0000008a   Code   RO         2143    .text               c_w.l(rt_memcpy_v6.o)
    0x0800050a   0x0800050a   0x00000010   Code   RO         2145    .text               c_w.l(aeabi_memset.o)
    0x0800051a   0x0800051a   0x00000056   Code   RO         2147    .text               c_w.l(strncpy.o)
    0x08000570   0x08000570   0x00000006   Code   RO         2149    .text               c_w.l(heapauxi.o)
    0x08000576   0x08000576   0x000000b2   Code   RO         2154    .text               c_w.l(_printf_intcommon.o)
    0x08000628   0x08000628   0x00000030   Code   RO         2156    .text               c_w.l(_printf_char_common.o)
    0x08000658   0x08000658   0x0000000a   Code   RO         2158    .text               c_w.l(_sputc.o)
    0x08000662   0x08000662   0x00000064   Code   RO         2163    .text               c_w.l(rt_memcpy_w.o)
    0x080006c6   0x080006c6   0x00000044   Code   RO         2165    .text               c_w.l(rt_memclr.o)
    0x0800070a   0x0800070a   0x0000004e   Code   RO         2184    .text               c_w.l(rt_memclr_w.o)
    0x08000758   0x08000758   0x0000004a   Code   RO         2186    .text               c_w.l(sys_stackheap_outer.o)
    0x080007a2   0x080007a2   0x00000012   Code   RO         2188    .text               c_w.l(exit.o)
    0x080007b4   0x080007b4   0x00000008   Code   RO         2196    .text               c_w.l(libspace.o)
    0x080007bc   0x080007bc   0x0000000c   Code   RO         2257    .text               c_w.l(sys_exit.o)
    0x080007c8   0x080007c8   0x00000002   Code   RO         2268    .text               c_w.l(use_no_semi.o)
    0x080007ca   0x080007ca   0x00000000   Code   RO         2270    .text               c_w.l(indicate_semi.o)
    0x080007ca   0x080007ca   0x00000002   PAD
    0x080007cc   0x080007cc   0x00000030   Code   RO            3    i.BackSensorTask    main.o
    0x080007fc   0x080007fc   0x000000ce   Code   RO            4    i.ControlMotors     main.o
    0x080008ca   0x080008ca   0x00000002   PAD
    0x080008cc   0x080008cc   0x00000030   Code   RO            5    i.FrontSensorTask   main.o
    0x080008fc   0x080008fc   0x00000090   Code   RO          180    i.GPIO_Init         stm32f4xx_gpio.o
    0x0800098c   0x0800098c   0x00000046   Code   RO          181    i.GPIO_PinAFConfig  stm32f4xx_gpio.o
    0x080009d2   0x080009d2   0x00000012   Code   RO          184    i.GPIO_ReadInputDataBit  stm32f4xx_gpio.o
    0x080009e4   0x080009e4   0x00000004   Code   RO          187    i.GPIO_ResetBits    stm32f4xx_gpio.o
    0x080009e8   0x080009e8   0x00000004   Code   RO          188    i.GPIO_SetBits      stm32f4xx_gpio.o
    0x080009ec   0x080009ec   0x0000004c   Code   RO            6    i.InitGPIO          main.o
    0x08000a38   0x08000a38   0x00000034   Code   RO            7    i.InitMotorGPIO     main.o
    0x08000a6c   0x08000a6c   0x0000009c   Code   RO            8    i.InitPWM           main.o
    0x08000b08   0x08000b08   0x00000060   Code   RO            9    i.MeasureDistance   main.o
    0x08000b68   0x08000b68   0x00000078   Code   RO         1310    i.NVIC_Init         misc.o
    0x08000be0   0x08000be0   0x00000020   Code   RO         1030    i.RCC_AHB1PeriphClockCmd  stm32f4xx_rcc.o
    0x08000c00   0x08000c00   0x00000020   Code   RO         1039    i.RCC_APB1PeriphClockCmd  stm32f4xx_rcc.o
    0x08000c20   0x08000c20   0x000000e8   Code   RO         1051    i.RCC_GetClocksFreq  stm32f4xx_rcc.o
    0x08000d08   0x08000d08   0x0000006c   Code   RO           10    i.SetMotorDirection  main.o
    0x08000d74   0x08000d74   0x00000024   Code   RO           11    i.SetMotorPWM       main.o
    0x08000d98   0x08000d98   0x000000ec   Code   RO         1354    i.SetSysClock       system_stm32f4xx.o
    0x08000e84   0x08000e84   0x00000020   Code   RO         1535    i.SysTick_Handler   port.o
    0x08000ea4   0x08000ea4   0x0000005c   Code   RO         1356    i.SystemInit        system_stm32f4xx.o
    0x08000f00   0x08000f00   0x00000018   Code   RO          296    i.TIM_Cmd           stm32f4xx_tim.o
    0x08000f18   0x08000f18   0x0000007c   Code   RO          325    i.TIM_OC1Init       stm32f4xx_tim.o
    0x08000f94   0x08000f94   0x000000a4   Code   RO          330    i.TIM_OC2Init       stm32f4xx_tim.o
    0x08001038   0x08001038   0x00000084   Code   RO          368    i.TIM_TimeBaseInit  stm32f4xx_tim.o
    0x080010bc   0x080010bc   0x00000088   Code   RO           12    i.UART_Init         main.o
    0x08001144   0x08001144   0x0000002c   Code   RO           13    i.UART_SendString   main.o
    0x08001170   0x08001170   0x0000002c   Code   RO           14    i.USART2_IRQHandler  main.o
    0x0800119c   0x0800119c   0x00000018   Code   RO          846    i.USART_Cmd         stm32f4xx_usart.o
    0x080011b4   0x080011b4   0x0000001a   Code   RO          849    i.USART_GetFlagStatus  stm32f4xx_usart.o
    0x080011ce   0x080011ce   0x00000054   Code   RO          850    i.USART_GetITStatus  stm32f4xx_usart.o
    0x08001222   0x08001222   0x0000004a   Code   RO          852    i.USART_ITConfig    stm32f4xx_usart.o
    0x0800126c   0x0800126c   0x000000d4   Code   RO          853    i.USART_Init        stm32f4xx_usart.o
    0x08001340   0x08001340   0x0000000a   Code   RO          860    i.USART_ReceiveData  stm32f4xx_usart.o
    0x0800134a   0x0800134a   0x00000008   Code   RO          863    i.USART_SendData    stm32f4xx_usart.o
    0x08001352   0x08001352   0x00000002   PAD
    0x08001354   0x08001354   0x0000007c   Code   RO           15    i.main              main.o
    0x080013d0   0x080013d0   0x00000054   Code   RO         1759    i.prvAddCurrentTaskToDelayedList  tasks.o
    0x08001424   0x08001424   0x0000003a   Code   RO         1760    i.prvAllocateTCBAndStack  tasks.o
    0x0800145e   0x0800145e   0x00000002   PAD
    0x08001460   0x08001460   0x0000004c   Code   RO         2021    i.prvCheckForValidListAndQueue  timers.o
    0x080014ac   0x080014ac   0x00000064   Code   RO         1761    i.prvCheckTasksWaitingTermination  tasks.o
    0x08001510   0x08001510   0x0000002a   Code   RO         1594    i.prvCopyDataFromQueue  queue.o
    0x0800153a   0x0800153a   0x00000068   Code   RO         1595    i.prvCopyDataToQueue  queue.o
    0x080015a2   0x080015a2   0x00000012   Code   RO         1762    i.prvDeleteTCB      tasks.o
    0x080015b4   0x080015b4   0x00000028   Code   RO         2022    i.prvGetNextExpireTime  timers.o
    0x080015dc   0x080015dc   0x00000038   Code   RO         1454    i.prvHeapInit       heap_2.o
    0x08001614   0x08001614   0x00000018   Code   RO         1763    i.prvIdleTask       tasks.o
    0x0800162c   0x0800162c   0x00000046   Code   RO         1764    i.prvInitialiseTCBVariables  tasks.o
    0x08001672   0x08001672   0x00000002   PAD
    0x08001674   0x08001674   0x00000068   Code   RO         1765    i.prvInitialiseTaskLists  tasks.o
    0x080016dc   0x080016dc   0x00000058   Code   RO         2023    i.prvInsertTimerInActiveList  timers.o
    0x08001734   0x08001734   0x0000001a   Code   RO         1596    i.prvIsQueueEmpty   queue.o
    0x0800174e   0x0800174e   0x0000001e   Code   RO         1597    i.prvIsQueueFull    queue.o
    0x0800176c   0x0800176c   0x00000058   Code   RO         2024    i.prvProcessExpiredTimer  timers.o
    0x080017c4   0x080017c4   0x000000c8   Code   RO         2025    i.prvProcessReceivedCommands  timers.o
    0x0800188c   0x0800188c   0x0000004c   Code   RO         2026    i.prvProcessTimerOrBlockTask  timers.o
    0x080018d8   0x080018d8   0x00000030   Code   RO         2027    i.prvSampleTimeNow  timers.o
    0x08001908   0x08001908   0x00000094   Code   RO         2028    i.prvSwitchTimerLists  timers.o
    0x0800199c   0x0800199c   0x0000001a   Code   RO         2029    i.prvTimerTask      timers.o
    0x080019b6   0x080019b6   0x0000007e   Code   RO         1599    i.prvUnlockQueue    queue.o
    0x08001a34   0x08001a34   0x000000b8   Code   RO         1455    i.pvPortMalloc      heap_2.o
    0x08001aec   0x08001aec   0x00000020   Code   RO         1536    i.pxPortInitialiseStack  port.o
    0x08001b0c   0x08001b0c   0x00000030   Code   RO           16    i.usart_irq         main.o
    0x08001b3c   0x08001b3c   0x00000028   Code   RO         1498    i.uxListRemove      list.o
    0x08001b64   0x08001b64   0x0000001a   Code   RO         1499    i.vListInitialise   list.o
    0x08001b7e   0x08001b7e   0x00000006   Code   RO         1500    i.vListInitialiseItem  list.o
    0x08001b84   0x08001b84   0x00000034   Code   RO         1501    i.vListInsert       list.o
    0x08001bb8   0x08001bb8   0x0000001c   Code   RO         1502    i.vListInsertEnd    list.o
    0x08001bd4   0x08001bd4   0x00000020   Code   RO         1538    i.vPortEnterCritical  port.o
    0x08001bf4   0x08001bf4   0x00000020   Code   RO         1539    i.vPortExitCritical  port.o
    0x08001c14   0x08001c14   0x00000040   Code   RO         1456    i.vPortFree         heap_2.o
    0x08001c54   0x08001c54   0x00000014   Code   RO         1540    i.vPortSetupTimerInterrupt  port.o
    0x08001c68   0x08001c68   0x00000018   Code   RO         1541    i.vPortYield        port.o
    0x08001c80   0x08001c80   0x0000003a   Code   RO         1607    i.vQueueWaitForMessageRestricted  queue.o
    0x08001cba   0x08001cba   0x00000002   PAD
    0x08001cbc   0x08001cbc   0x00000038   Code   RO         1771    i.vTaskDelay        tasks.o
    0x08001cf4   0x08001cf4   0x00000124   Code   RO         1775    i.vTaskIncrementTick  tasks.o
    0x08001e18   0x08001e18   0x0000000c   Code   RO         1777    i.vTaskMissedYield  tasks.o
    0x08001e24   0x08001e24   0x00000054   Code   RO         1778    i.vTaskPlaceOnEventList  tasks.o
    0x08001e78   0x08001e78   0x0000003c   Code   RO         1779    i.vTaskPlaceOnEventListRestricted  tasks.o
    0x08001eb4   0x08001eb4   0x00000050   Code   RO         1780    i.vTaskPriorityDisinherit  tasks.o
    0x08001f04   0x08001f04   0x00000084   Code   RO         1781    i.vTaskPriorityInherit  tasks.o
    0x08001f88   0x08001f88   0x00000024   Code   RO         1785    i.vTaskSetTimeOutState  tasks.o
    0x08001fac   0x08001fac   0x00000060   Code   RO         1786    i.vTaskStartScheduler  tasks.o
    0x0800200c   0x0800200c   0x00000010   Code   RO         1788    i.vTaskSuspendAll   tasks.o
    0x0800201c   0x0800201c   0x00000080   Code   RO         1789    i.vTaskSwitchContext  tasks.o
    0x0800209c   0x0800209c   0x00000048   Code   RO         1542    i.xPortStartScheduler  port.o
    0x080020e4   0x080020e4   0x0000005c   Code   RO         1610    i.xQueueGenericCreate  queue.o
    0x08002140   0x08002140   0x00000140   Code   RO         1611    i.xQueueGenericReceive  queue.o
    0x08002280   0x08002280   0x00000078   Code   RO         1612    i.xQueueGenericReset  queue.o
    0x080022f8   0x080022f8   0x000000fc   Code   RO         1613    i.xQueueGenericSend  queue.o
    0x080023f4   0x080023f4   0x00000086   Code   RO         1614    i.xQueueGenericSendFromISR  queue.o
    0x0800247a   0x0800247a   0x00000002   PAD
    0x0800247c   0x0800247c   0x00000078   Code   RO         1790    i.xTaskCheckForTimeOut  tasks.o
    0x080024f4   0x080024f4   0x0000014c   Code   RO         1791    i.xTaskGenericCreate  tasks.o
    0x08002640   0x08002640   0x0000000c   Code   RO         1792    i.xTaskGetCurrentTaskHandle  tasks.o
    0x0800264c   0x0800264c   0x00000020   Code   RO         1793    i.xTaskGetSchedulerState  tasks.o
    0x0800266c   0x0800266c   0x00000018   Code   RO         1794    i.xTaskGetTickCount  tasks.o
    0x08002684   0x08002684   0x00000080   Code   RO         1797    i.xTaskRemoveFromEventList  tasks.o
    0x08002704   0x08002704   0x000000ec   Code   RO         1798    i.xTaskResumeAll    tasks.o
    0x080027f0   0x080027f0   0x0000004c   Code   RO         2032    i.xTimerCreateTimerTask  timers.o
    0x0800283c   0x0800283c   0x00000068   Code   RO         2033    i.xTimerGenericCommand  timers.o
    0x080028a4   0x080028a4   0x0000000a   Code   RO         2255    x$fpl$fpinit        fz_wm.l(fpinit.o)
    0x080028ae   0x080028ae   0x00000002   PAD
    0x080028b0   0x080028b0   0x00000020   Data   RO         2323    Region$$Table       anon$$obj.o


    Execution Region ER_RW (Exec base: 0x20000000, Load base: 0x080028d0, Size: 0x0000007c, Max: 0xffffffff, ABSOLUTE)

    Exec Addr    Load Addr    Size         Type   Attr      Idx    E Section Name        Object

    0x20000000   0x080028d0   0x00000004   Data   RW           17    .data               main.o
    0x20000004   0x080028d4   0x00000010   Data   RW         1074    .data               stm32f4xx_rcc.o
    0x20000014   0x080028e4   0x00000018   Data   RW         1460    .data               heap_2.o
    0x2000002c   0x080028fc   0x00000004   Data   RW         1543    .data               port.o
    0x20000030   0x08002900   0x0000003c   Data   RW         1801    .data               tasks.o
    0x2000006c   0x0800293c   0x00000010   Data   RW         2036    .data               timers.o


    Execution Region ER_ZI (Exec base: 0x2000007c, Load base: 0x0800294c, Size: 0x0001077c, Max: 0xffffffff, ABSOLUTE)

    Exec Addr    Load Addr    Size         Type   Attr      Idx    E Section Name        Object

    0x2000007c        -       0x00010000   Zero   RW         1459    .bss                heap_2.o
    0x2001007c        -       0x000000f0   Zero   RW         1800    .bss                tasks.o
    0x2001016c        -       0x00000028   Zero   RW         2035    .bss                timers.o
    0x20010194        -       0x00000060   Zero   RW         2197    .bss                c_w.l(libspace.o)
    0x200101f4   0x0800294c   0x00000004   PAD
    0x200101f8        -       0x00000200   Zero   RW         1390    HEAP                startup_stm32f4xx.o
    0x200103f8        -       0x00000400   Zero   RW         1389    STACK               startup_stm32f4xx.o


==============================================================================

Image component sizes


      Code (inc. data)   RO Data    RW Data    ZI Data      Debug   Object Name

       304         40          0         24      65536       5227   heap_2.o
       152          0          0          0          0       3478   list.o
      1222        122          0          4          0     310106   main.o
       120         14          0          0          0       1168   misc.o
       412         60          0          4          0       4925   port.o
      1304          0          0          0          0      13314   queue.o
        80         32        392          0       1536        856   startup_stm32f4xx.o
       240          0          0          0          0       3907   stm32f4xx_gpio.o
       296         30          0         16          0       4062   stm32f4xx_rcc.o
       444         48          0          0          0       3589   stm32f4xx_tim.o
       438          8          0          0          0       5969   stm32f4xx_usart.o
       328         34          0          0          0       1749   system_stm32f4xx.o
      2334        336          0         60        240      23324   tasks.o
       970         84          0         16         40       8911   timers.o

    ----------------------------------------------------------------------
      8656        808        424        124      67352     390585   Object Totals
         0          0         32          0          0          0   (incl. Generated)
        12          0          0          0          0          0   (incl. Padding)

    ----------------------------------------------------------------------

      Code (inc. data)   RO Data    RW Data    ZI Data      Debug   Library Member Name

         8          0          0          0          0         68   __main.o
       184          0          0          0          0         84   __printf_ss.o
         0          0          0          0          0          0   __rtentry.o
        12          0          0          0          0          0   __rtentry2.o
         6          0          0          0          0          0   __rtentry4.o
        52          8          0          0          0          0   __scatter.o
        26          0          0          0          0          0   __scatter_copy.o
        28          0          0          0          0          0   __scatter_zi.o
        48          6          0          0          0         96   _printf_char_common.o
       120         16          0          0          0         92   _printf_dec.o
       178          0          0          0          0         88   _printf_intcommon.o
         0          0          0          0          0          0   _printf_percent.o
         4          0          0          0          0          0   _printf_percent_end.o
         6          0          0          0          0          0   _printf_u.o
        10          0          0          0          0         68   _sputc.o
        16          0          0          0          0         68   aeabi_memset.o
        18          0          0          0          0         80   exit.o
         6          0          0          0          0        152   heapauxi.o
         0          0          0          0          0          0   indicate_semi.o
         2          0          0          0          0          0   libinit.o
         6          0          0          0          0          0   libinit2.o
         2          0          0          0          0          0   libshutdown.o
         2          0          0          0          0          0   libshutdown2.o
         8          4          0          0         96         68   libspace.o
        40          6          0          0          0         84   noretval__2sprintf.o
        68          0          0          0          0         68   rt_memclr.o
        78          0          0          0          0         80   rt_memclr_w.o
       138          0          0          0          0         68   rt_memcpy_v6.o
       100          0          0          0          0         80   rt_memcpy_w.o
         2          0          0          0          0          0   rtexit.o
        10          0          0          0          0          0   rtexit2.o
        86          0          0          0          0         76   strncpy.o
        12          4          0          0          0         68   sys_exit.o
        74          0          0          0          0         80   sys_stackheap_outer.o
         2          0          0          0          0         68   use_no_semi.o
        10          0          0          0          0        116   fpinit.o

    ----------------------------------------------------------------------
      1368         44          0          0        100       1652   Library Totals
         6          0          0          0          4          0   (incl. Padding)

    ----------------------------------------------------------------------

      Code (inc. data)   RO Data    RW Data    ZI Data      Debug   Library Name

      1352         44          0          0         96       1536   c_w.l
        10          0          0          0          0        116   fz_wm.l

    ----------------------------------------------------------------------
      1368         44          0          0        100       1652   Library Totals

    ----------------------------------------------------------------------

==============================================================================


      Code (inc. data)   RO Data    RW Data    ZI Data      Debug   

     10024        852        424        124      67452     381957   Grand Totals
     10024        852        424        124      67452     381957   ELF Image Totals
     10024        852        424        124          0          0   ROM Totals

==============================================================================

    Total RO  Size (Code + RO Data)                10448 (  10.20kB)
    Total RW  Size (RW Data + ZI Data)             67576 (  65.99kB)
    Total ROM Size (Code + RO Data + RW Data)      10572 (  10.32kB)

==============================================================================

